<html>
<body>
<pre>
<h1>µVision Build Log</h1>
<h2>Tool Versions:</h2>
IDE-Version: µVision V5.24.2.0
Copyright (C) 2017 ARM Ltd and ARM Germany GmbH. All rights reserved.
License Information: Mike Flanigan, Kroova, LIC=----
 
Tool Versions:
Toolchain:       MDK-Lite  Version: 5.24.1
Toolchain Path:  C:\Keil_v5\ARM\ARMCC\Bin
C Compiler:      Armcc.exe V5.06 update 5 (build 528)
Assembler:       Armasm.exe V5.06 update 5 (build 528)
Linker/Locator:  ArmLink.exe V5.06 update 5 (build 528)
Library Manager: ArmAr.exe V5.06 update 5 (build 528)
Hex Converter:   FromElf.exe V5.06 update 5 (build 528)
CPU DLL:         SARMCM3.DLL V5.24.1
Dialog DLL:      DARMCM1.DLL V1.18.0.0
Target DLL:      STLink\ST-LINKIII-KEIL_SWO.dll V3.0.1.0
Dialog DLL:      TARMCM1.DLL V1.13.0.0
 
<h2>Project:</h2>
D:\Dropbox\Kroova LLC\P128 - TF10\TF10 Foil rake\TF10 Foil rake\PLC programma TF10\Foil rake program\Foil rake program\MDK-ARM\STG-850.uvprojx
Project File Date:  05/16/2018

<h2>Output:</h2>
*** Using Compiler 'V5.06 update 5 (build 528)', folder: 'C:\Keil_v5\ARM\ARMCC\Bin'
Rebuild target 'STG-850'
compiling i2c.c...
compiling usart.c...
compiling tim.c...
compiling stm32f0xx_hal_msp.c...
compiling stm32f0xx_it.c...
compiling can.c...
compiling gpio.c...
compiling adc.c...
compiling main.c...
../Src/main.c(548): warning:  #1215-D: #warning directive: Debug version without watch dog! <<<<<<<<<<<<<<<<<<<<<<<<<<<<<<<<
  #warning Debug version without watch dog! <<<<<<<<<<<<<<<<<<<<<<<<<<<<<<<<
../Src/main.c: 1 warning, 0 errors
compiling main_hal.c...
compiling iwdg.c...
assembling startup_stm32f091xc.s...
compiling rtc.c...
compiling system_stm32f0xx.c...
compiling stm32f0xx_hal_flash.c...
compiling stm32f0xx_hal_gpio.c...
compiling stm32f0xx_hal_cortex.c...
compiling stm32f0xx_hal.c...
compiling stm32f0xx_hal_adc.c...
compiling stm32f0xx_hal_i2c_ex.c...
compiling stm32f0xx_hal_tim_ex.c...
compiling stm32f0xx_hal_i2c.c...
compiling stm32f0xx_hal_adc_ex.c...
compiling stm32f0xx_hal_pwr_ex.c...
compiling stm32f0xx_hal_rcc.c...
compiling stm32f0xx_hal_pwr.c...
compiling stm32f0xx_hal_uart.c...
compiling stm32f0xx_hal_irda.c...
compiling stm32f0xx_hal_rtc_ex.c...
compiling stm32f0xx_hal_rcc_ex.c...
compiling stm32f0xx_hal_can.c...
compiling stm32f0xx_hal_iwdg.c...
compiling stm32f0xx_hal_uart_ex.c...
compiling stm32f0xx_hal_tim.c...
compiling stm32f0xx_hal_dma.c...
compiling stm32f0xx_hal_rtc.c...
compiling stm32f0xx_hal_flash_ex.c...
linking...
Program Size: Code=30380 RO-data=244 RW-data=560 ZI-data=1784  
"STG-850\STG-850.axf" - 0 Error(s), 1 Warning(s).

<h2>Software Packages used:</h2>

Package Vendor: ARM
                http://www.keil.com/pack/ARM.CMSIS.5.0.1.pack
                ARM.CMSIS.5.0.1
                CMSIS (Cortex Microcontroller Software Interface Standard)
   * Component: CORE Version: 5.0.1

Package Vendor: Keil
                http://www.keil.com/pack/Keil.STM32F0xx_DFP.2.0.0.pack
                Keil.STM32F0xx_DFP.2.0.0
                STMicroelectronics STM32F0 Series Device Support, Drivers and Examples

<h2>Collection of Component include folders:</h2>
  .\RTE\_STG-850
  C:\Keil_v5\ARM\PACK\ARM\CMSIS\5.0.1\CMSIS\Include
  C:\Keil_v5\ARM\PACK\Keil\STM32F0xx_DFP\2.0.0\Drivers\CMSIS\Device\ST\STM32F0xx\Include

<h2>Collection of Component Files used:</h2>

   * Component: ARM::CMSIS:CORE:5.0.1
Build Time Elapsed:  00:00:59
</pre>
</body>
</html>
