Component: ARM Compiler 5.06 update 5 (build 528) Tool: armlink [4d35e2]

==============================================================================

Section Cross References

    tim.o(i.HAL_TIM_Base_MspDeInit) refers to stm32f0xx_hal_gpio.o(i.HAL_GPIO_DeInit) for HAL_GPIO_DeInit
    tim.o(i.HAL_TIM_Base_MspInit) refers to stm32f0xx_hal_gpio.o(i.HAL_GPIO_Init) for HAL_GPIO_Init
    tim.o(i.HAL_TIM_MspPostInit) refers to stm32f0xx_hal_gpio.o(i.HAL_GPIO_Init) for HAL_GPIO_Init
    tim.o(i.MX_TIM16_Init) refers to stm32f0xx_hal_tim.o(i.HAL_TIM_Base_Init) for HAL_TIM_Base_Init
    tim.o(i.MX_TIM16_Init) refers to main.o(i.Error_Handler) for Error_Handler
    tim.o(i.MX_TIM16_Init) refers to tim.o(.bss) for htim16
    tim.o(i.MX_TIM17_Init) refers to stm32f0xx_hal_tim.o(i.HAL_TIM_Base_Init) for HAL_TIM_Base_Init
    tim.o(i.MX_TIM17_Init) refers to main.o(i.Error_Handler) for Error_Handler
    tim.o(i.MX_TIM17_Init) refers to stm32f0xx_hal_tim.o(i.HAL_TIM_PWM_Init) for HAL_TIM_PWM_Init
    tim.o(i.MX_TIM17_Init) refers to stm32f0xx_hal_tim.o(i.HAL_TIM_PWM_ConfigChannel) for HAL_TIM_PWM_ConfigChannel
    tim.o(i.MX_TIM17_Init) refers to stm32f0xx_hal_tim_ex.o(i.HAL_TIMEx_ConfigBreakDeadTime) for HAL_TIMEx_ConfigBreakDeadTime
    tim.o(i.MX_TIM17_Init) refers to tim.o(i.HAL_TIM_MspPostInit) for HAL_TIM_MspPostInit
    tim.o(i.MX_TIM17_Init) refers to tim.o(.bss) for htim17
    tim.o(i.MX_TIM1_Init) refers to stm32f0xx_hal_tim.o(i.HAL_TIM_Base_Init) for HAL_TIM_Base_Init
    tim.o(i.MX_TIM1_Init) refers to main.o(i.Error_Handler) for Error_Handler
    tim.o(i.MX_TIM1_Init) refers to stm32f0xx_hal_tim.o(i.HAL_TIM_ConfigClockSource) for HAL_TIM_ConfigClockSource
    tim.o(i.MX_TIM1_Init) refers to stm32f0xx_hal_tim_ex.o(i.HAL_TIMEx_MasterConfigSynchronization) for HAL_TIMEx_MasterConfigSynchronization
    tim.o(i.MX_TIM1_Init) refers to tim.o(.bss) for htim1
    tim.o(i.MX_TIM2_Init) refers to stm32f0xx_hal_tim.o(i.HAL_TIM_Base_Init) for HAL_TIM_Base_Init
    tim.o(i.MX_TIM2_Init) refers to main.o(i.Error_Handler) for Error_Handler
    tim.o(i.MX_TIM2_Init) refers to stm32f0xx_hal_tim.o(i.HAL_TIM_ConfigClockSource) for HAL_TIM_ConfigClockSource
    tim.o(i.MX_TIM2_Init) refers to stm32f0xx_hal_tim.o(i.HAL_TIM_IC_Init) for HAL_TIM_IC_Init
    tim.o(i.MX_TIM2_Init) refers to stm32f0xx_hal_tim_ex.o(i.HAL_TIMEx_MasterConfigSynchronization) for HAL_TIMEx_MasterConfigSynchronization
    tim.o(i.MX_TIM2_Init) refers to stm32f0xx_hal_tim.o(i.HAL_TIM_IC_ConfigChannel) for HAL_TIM_IC_ConfigChannel
    tim.o(i.MX_TIM2_Init) refers to tim.o(.bss) for htim2
    usart.o(i.HAL_IRDA_MspDeInit) refers to stm32f0xx_hal_gpio.o(i.HAL_GPIO_DeInit) for HAL_GPIO_DeInit
    usart.o(i.HAL_IRDA_MspInit) refers to stm32f0xx_hal_gpio.o(i.HAL_GPIO_Init) for HAL_GPIO_Init
    usart.o(i.HAL_UART_MspDeInit) refers to stm32f0xx_hal_gpio.o(i.HAL_GPIO_DeInit) for HAL_GPIO_DeInit
    usart.o(i.HAL_UART_MspInit) refers to stm32f0xx_hal_gpio.o(i.HAL_GPIO_Init) for HAL_GPIO_Init
    usart.o(i.MX_USART1_UART_Init) refers to stm32f0xx_hal_uart.o(i.HAL_UART_Init) for HAL_UART_Init
    usart.o(i.MX_USART1_UART_Init) refers to main.o(i.Error_Handler) for Error_Handler
    usart.o(i.MX_USART1_UART_Init) refers to usart.o(.bss) for huart1
    usart.o(i.MX_USART3_IRDA_Init) refers to stm32f0xx_hal_irda.o(i.HAL_IRDA_Init) for HAL_IRDA_Init
    usart.o(i.MX_USART3_IRDA_Init) refers to main.o(i.Error_Handler) for Error_Handler
    usart.o(i.MX_USART3_IRDA_Init) refers to usart.o(.bss) for hirda3
    i2c.o(i.HAL_I2C_MspDeInit) refers to stm32f0xx_hal_gpio.o(i.HAL_GPIO_DeInit) for HAL_GPIO_DeInit
    i2c.o(i.HAL_I2C_MspInit) refers to stm32f0xx_hal_gpio.o(i.HAL_GPIO_Init) for HAL_GPIO_Init
    i2c.o(i.MX_I2C2_Init) refers to stm32f0xx_hal_i2c.o(i.HAL_I2C_Init) for HAL_I2C_Init
    i2c.o(i.MX_I2C2_Init) refers to main.o(i.Error_Handler) for Error_Handler
    i2c.o(i.MX_I2C2_Init) refers to stm32f0xx_hal_i2c_ex.o(i.HAL_I2CEx_ConfigAnalogFilter) for HAL_I2CEx_ConfigAnalogFilter
    i2c.o(i.MX_I2C2_Init) refers to i2c.o(.bss) for hi2c2
    stm32f0xx_it.o(i.CEC_CAN_IRQHandler) refers to stm32f0xx_hal_can.o(i.HAL_CAN_IRQHandler) for HAL_CAN_IRQHandler
    stm32f0xx_it.o(i.CEC_CAN_IRQHandler) refers to can.o(.bss) for hcan
    stm32f0xx_it.o(i.SysTick_Handler) refers to stm32f0xx_hal.o(i.HAL_IncTick) for HAL_IncTick
    stm32f0xx_it.o(i.SysTick_Handler) refers to stm32f0xx_hal_cortex.o(i.HAL_SYSTICK_IRQHandler) for HAL_SYSTICK_IRQHandler
    stm32f0xx_hal_msp.o(i.HAL_MspInit) refers to stm32f0xx_hal_cortex.o(i.HAL_NVIC_SetPriority) for HAL_NVIC_SetPriority
    can.o(i.HAL_CAN_MspDeInit) refers to stm32f0xx_hal_gpio.o(i.HAL_GPIO_DeInit) for HAL_GPIO_DeInit
    can.o(i.HAL_CAN_MspDeInit) refers to stm32f0xx_hal_cortex.o(i.HAL_NVIC_DisableIRQ) for HAL_NVIC_DisableIRQ
    can.o(i.HAL_CAN_MspInit) refers to stm32f0xx_hal_gpio.o(i.HAL_GPIO_Init) for HAL_GPIO_Init
[...]
    ../clib/microlib/init/entry.s            0x00000000   Number         0  entry9a.o ABSOLUTE
    ../clib/microlib/init/entry.s            0x00000000   Number         0  entry9b.o ABSOLUTE
    ../clib/microlib/init/entry.s            0x00000000   Number         0  entry10a.o ABSOLUTE
    ../clib/microlib/longlong.c              0x00000000   Number         0  llushr.o ABSOLUTE
    ../clib/microlib/string/memset.c         0x00000000   Number         0  memseta.o ABSOLUTE
    ../clib/microlib/string/strncpy.c        0x00000000   Number         0  strncpy.o ABSOLUTE
    ../clib/microlib/unhosted.c              0x00000000   Number         0  uwrite4.o ABSOLUTE
    ..\Drivers\STM32F0xx_HAL_Driver\Src\stm32f0xx_hal.c 0x00000000   Number         0  stm32f0xx_hal.o ABSOLUTE
    ..\Drivers\STM32F0xx_HAL_Driver\Src\stm32f0xx_hal_adc.c 0x00000000   Number         0  stm32f0xx_hal_adc.o ABSOLUTE
    ..\Drivers\STM32F0xx_HAL_Driver\Src\stm32f0xx_hal_adc_ex.c 0x00000000   Number         0  stm32f0xx_hal_adc_ex.o ABSOLUTE
    ..\Drivers\STM32F0xx_HAL_Driver\Src\stm32f0xx_hal_can.c 0x00000000   Number         0  stm32f0xx_hal_can.o ABSOLUTE
    ..\Drivers\STM32F0xx_HAL_Driver\Src\stm32f0xx_hal_cortex.c 0x00000000   Number         0  stm32f0xx_hal_cortex.o ABSOLUTE
    ..\Drivers\STM32F0xx_HAL_Driver\Src\stm32f0xx_hal_dma.c 0x00000000   Number         0  stm32f0xx_hal_dma.o ABSOLUTE
    ..\Drivers\STM32F0xx_HAL_Driver\Src\stm32f0xx_hal_flash.c 0x00000000   Number         0  stm32f0xx_hal_flash.o ABSOLUTE
    ..\Drivers\STM32F0xx_HAL_Driver\Src\stm32f0xx_hal_flash_ex.c 0x00000000   Number         0  stm32f0xx_hal_flash_ex.o ABSOLUTE
    ..\Drivers\STM32F0xx_HAL_Driver\Src\stm32f0xx_hal_gpio.c 0x00000000   Number         0  stm32f0xx_hal_gpio.o ABSOLUTE
    ..\Drivers\STM32F0xx_HAL_Driver\Src\stm32f0xx_hal_i2c.c 0x00000000   Number         0  stm32f0xx_hal_i2c.o ABSOLUTE
    ..\Drivers\STM32F0xx_HAL_Driver\Src\stm32f0xx_hal_i2c_ex.c 0x00000000   Number         0  stm32f0xx_hal_i2c_ex.o ABSOLUTE
    ..\Drivers\STM32F0xx_HAL_Driver\Src\stm32f0xx_hal_irda.c 0x00000000   Number         0  stm32f0xx_hal_irda.o ABSOLUTE
    ..\Drivers\STM32F0xx_HAL_Driver\Src\stm32f0xx_hal_iwdg.c 0x00000000   Number         0  stm32f0xx_hal_iwdg.o ABSOLUTE
    ..\Drivers\STM32F0xx_HAL_Driver\Src\stm32f0xx_hal_pwr.c 0x00000000   Number         0  stm32f0xx_hal_pwr.o ABSOLUTE
    ..\Drivers\STM32F0xx_HAL_Driver\Src\stm32f0xx_hal_pwr_ex.c 0x00000000   Number         0  stm32f0xx_hal_pwr_ex.o ABSOLUTE
    ..\Drivers\STM32F0xx_HAL_Driver\Src\stm32f0xx_hal_rcc.c 0x00000000   Number         0  stm32f0xx_hal_rcc.o ABSOLUTE
    ..\Drivers\STM32F0xx_HAL_Driver\Src\stm32f0xx_hal_rcc_ex.c 0x00000000   Number         0  stm32f0xx_hal_rcc_ex.o ABSOLUTE
    ..\Drivers\STM32F0xx_HAL_Driver\Src\stm32f0xx_hal_rtc.c 0x00000000   Number         0  stm32f0xx_hal_rtc.o ABSOLUTE
    ..\Drivers\STM32F0xx_HAL_Driver\Src\stm32f0xx_hal_rtc_ex.c 0x00000000   Number         0  stm32f0xx_hal_rtc_ex.o ABSOLUTE
    ..\Drivers\STM32F0xx_HAL_Driver\Src\stm32f0xx_hal_tim.c 0x00000000   Number         0  stm32f0xx_hal_tim.o ABSOLUTE
    ..\Drivers\STM32F0xx_HAL_Driver\Src\stm32f0xx_hal_tim_ex.c 0x00000000   Number         0  stm32f0xx_hal_tim_ex.o ABSOLUTE
    ..\Drivers\STM32F0xx_HAL_Driver\Src\stm32f0xx_hal_uart.c 0x00000000   Number         0  stm32f0xx_hal_uart.o ABSOLUTE
    ..\Drivers\STM32F0xx_HAL_Driver\Src\stm32f0xx_hal_uart_ex.c 0x00000000   Number         0  stm32f0xx_hal_uart_ex.o ABSOLUTE
    ..\Src\adc.c                             0x00000000   Number         0  adc.o ABSOLUTE
    ..\Src\can.c                             0x00000000   Number         0  can.o ABSOLUTE
    ..\Src\gpio.c                            0x00000000   Number         0  gpio.o ABSOLUTE
    ..\Src\i2c.c                             0x00000000   Number         0  i2c.o ABSOLUTE
    ..\Src\iwdg.c                            0x00000000   Number         0  iwdg.o ABSOLUTE
    ..\Src\main.c                            0x00000000   Number         0  main.o ABSOLUTE
    ..\Src\main_hal.c                        0x00000000   Number         0  main_hal.o ABSOLUTE
    ..\Src\rtc.c                             0x00000000   Number         0  rtc.o ABSOLUTE
    ..\Src\stm32f0xx_hal_msp.c               0x00000000   Number         0  stm32f0xx_hal_msp.o ABSOLUTE
    ..\Src\stm32f0xx_it.c                    0x00000000   Number         0  stm32f0xx_it.o ABSOLUTE
    ..\Src\system_stm32f0xx.c                0x00000000   Number         0  system_stm32f0xx.o ABSOLUTE
    ..\Src\tim.c                             0x00000000   Number         0  tim.o ABSOLUTE
    ..\Src\usart.c                           0x00000000   Number         0  usart.o ABSOLUTE
    ..\\Src\\main_hal.c                      0x00000000   Number         0  main_hal.o ABSOLUTE
    dc.s                                     0x00000000   Number         0  dc.o ABSOLUTE
    handlers.s                               0x00000000   Number         0  handlers.o ABSOLUTE
    init.s                                   0x00000000   Number         0  init.o ABSOLUTE
    startup_stm32f091xc.s                    0x00000000   Number         0  startup_stm32f091xc.o ABSOLUTE
    RESET                                    0x08000000   Section      188  startup_stm32f091xc.o(RESET)
    .ARM.Collect$$$$00000000                 0x080000bc   Section        0  entry.o(.ARM.Collect$$$$00000000)
    .ARM.Collect$$$$00000001                 0x080000bc   Section        4  entry2.o(.ARM.Collect$$$$00000001)
    .ARM.Collect$$$$00000004                 0x080000c0   Section        4  entry5.o(.ARM.Collect$$$$00000004)
    .ARM.Collect$$$$00000008                 0x080000c4   Section        0  entry7b.o(.ARM.Collect$$$$00000008)
    .ARM.Collect$$$$0000000A                 0x080000c4   Section        0  entry8b.o(.ARM.Collect$$$$0000000A)
    .ARM.Collect$$$$0000000B                 0x080000c4   Section        8  entry9a.o(.ARM.Collect$$$$0000000B)
    .ARM.Collect$$$$0000000D                 0x080000cc   Section        0  entry10a.o(.ARM.Collect$$$$0000000D)
    .ARM.Collect$$$$0000000F                 0x080000cc   Section        0  entry11a.o(.ARM.Collect$$$$0000000F)
    .ARM.Collect$$$$00002712                 0x080000cc   Section        4  entry2.o(.ARM.Collect$$$$00002712)
    __lit__00000000                          0x080000cc   Data           4  entry2.o(.ARM.Collect$$$$00002712)
    .text                                    0x080000d0   Section       28  startup_stm32f091xc.o(.text)
    .text                                    0x080000ec   Section        0  uidiv.o(.text)
    .text                                    0x08000118   Section        0  strncpy.o(.text)
    .text                                    0x08000132   Section        0  uwrite4.o(.text)
    .text                                    0x08000144   Section       36  init.o(.text)
    .text                                    0x08000168   Section        0  __dczerorl.o(.text)
    i.ADC_ConversionStop                     0x080001a2   Section        0  stm32f0xx_hal_adc.o(i.ADC_ConversionStop)
    ADC_ConversionStop                       0x080001a3   Thumb Code   108  stm32f0xx_hal_adc.o(i.ADC_ConversionStop)
    i.ADC_Disable                            0x0800020e   Section        0  stm32f0xx_hal_adc.o(i.ADC_Disable)
    ADC_Disable                              0x0800020f   Thumb Code   170  stm32f0xx_hal_adc.o(i.ADC_Disable)
    i.ADC_Enable                             0x080002b8   Section        0  stm32f0xx_hal_adc.o(i.ADC_Enable)
    ADC_Enable                               0x080002b9   Thumb Code   198  stm32f0xx_hal_adc.o(i.ADC_Enable)
    i.Buttons                                0x0800038c   Section        0  main.o(i.Buttons)
    i.CAN_Receive_IT                         0x08000510   Section        0  stm32f0xx_hal_can.o(i.CAN_Receive_IT)
    CAN_Receive_IT                           0x08000511   Thumb Code   438  stm32f0xx_hal_can.o(i.CAN_Receive_IT)
    i.CAN_Transmit_IT                        0x080006c6   Section        0  stm32f0xx_hal_can.o(i.CAN_Transmit_IT)
    CAN_Transmit_IT                          0x080006c7   Thumb Code   126  stm32f0xx_hal_can.o(i.CAN_Transmit_IT)
    i.CANzenderBBM                           0x08000744   Section        0  main.o(i.CANzenderBBM)
    i.CANzenderBBR                           0x080007d8   Section        0  main.o(i.CANzenderBBR)
    i.CANzenderSBM                           0x0800086c   Section        0  main.o(i.CANzenderSBM)
    i.CANzenderSBR                           0x08000900   Section        0  main.o(i.CANzenderSBR)
    i.CEC_CAN_IRQHandler                     0x08000994   Section        0  stm32f0xx_it.o(i.CEC_CAN_IRQHandler)
    i.DIn7ResetCounter                       0x080009a4   Section        0  main_hal.o(i.DIn7ResetCounter)
    i.EEPROM_Read                            0x080009b4   Section        0  main_hal.o(i.EEPROM_Read)
    i.EEPROM_Write                           0x08000a28   Section        0  main_hal.o(i.EEPROM_Write)
    i.Error_Handler                          0x08000aa4   Section        0  main.o(i.Error_Handler)
    i.HAL_ADCEx_Calibration_Start            0x08000aa8   Section        0  stm32f0xx_hal_adc_ex.o(i.HAL_ADCEx_Calibration_Start)
    i.HAL_ADC_ConfigChannel                  0x08000b6c   Section        0  stm32f0xx_hal_adc.o(i.HAL_ADC_ConfigChannel)
    i.HAL_ADC_GetValue                       0x08000d18   Section        0  stm32f0xx_hal_adc.o(i.HAL_ADC_GetValue)
    i.HAL_ADC_Init                           0x08000d20   Section        0  stm32f0xx_hal_adc.o(i.HAL_ADC_Init)
    i.HAL_ADC_MspInit                        0x08000ee0   Section        0  adc.o(i.HAL_ADC_MspInit)
    i.HAL_ADC_PollForConversion              0x08000f2c   Section        0  stm32f0xx_hal_adc.o(i.HAL_ADC_PollForConversion)
    i.HAL_ADC_Start                          0x08001010   Section        0  stm32f0xx_hal_adc.o(i.HAL_ADC_Start)
    i.HAL_ADC_Stop                           0x08001088   Section        0  stm32f0xx_hal_adc.o(i.HAL_ADC_Stop)
    i.HAL_CAN_ConfigFilter                   0x080010d8   Section        0  stm32f0xx_hal_can.o(i.HAL_CAN_ConfigFilter)
    i.HAL_CAN_ErrorCallback                  0x08001288   Section        0  stm32f0xx_hal_can.o(i.HAL_CAN_ErrorCallback)
    i.HAL_CAN_IRQHandler                     0x0800128c   Section        0  stm32f0xx_hal_can.o(i.HAL_CAN_IRQHandler)
    i.HAL_CAN_Init                           0x0800146c   Section        0  stm32f0xx_hal_can.o(i.HAL_CAN_Init)
    i.HAL_CAN_MspInit                        0x0800162c   Section        0  can.o(i.HAL_CAN_MspInit)
    i.HAL_CAN_Receive_IT                     0x08001698   Section        0  stm32f0xx_hal_can.o(i.HAL_CAN_Receive_IT)
    i.HAL_CAN_RxCpltCallback                 0x08001754   Section        0  main.o(i.HAL_CAN_RxCpltCallback)
    i.HAL_CAN_Transmit                       0x0800180c   Section        0  stm32f0xx_hal_can.o(i.HAL_CAN_Transmit)
    i.HAL_CAN_TxCpltCallback                 0x08001a5c   Section        0  stm32f0xx_hal_can.o(i.HAL_CAN_TxCpltCallback)
    i.HAL_Delay                              0x08001a5e   Section        0  stm32f0xx_hal.o(i.HAL_Delay)
    i.HAL_GPIO_Init                          0x08001a78   Section        0  stm32f0xx_hal_gpio.o(i.HAL_GPIO_Init)
    i.HAL_GPIO_ReadPin                       0x08001c74   Section        0  stm32f0xx_hal_gpio.o(i.HAL_GPIO_ReadPin)
    i.HAL_GPIO_WritePin                      0x08001c86   Section        0  stm32f0xx_hal_gpio.o(i.HAL_GPIO_WritePin)
    i.HAL_GetTick                            0x08001c94   Section        0  stm32f0xx_hal.o(i.HAL_GetTick)
    i.HAL_I2CEx_ConfigAnalogFilter           0x08001ca0   Section        0  stm32f0xx_hal_i2c_ex.o(i.HAL_I2CEx_ConfigAnalogFilter)
    i.HAL_I2C_Init                           0x08001d10   Section        0  stm32f0xx_hal_i2c.o(i.HAL_I2C_Init)
    i.HAL_I2C_Mem_Read                       0x08001de4   Section        0  stm32f0xx_hal_i2c.o(i.HAL_I2C_Mem_Read)
    i.HAL_I2C_Mem_Write                      0x08001fa8   Section        0  stm32f0xx_hal_i2c.o(i.HAL_I2C_Mem_Write)
    i.HAL_I2C_MspInit                        0x0800216c   Section        0  i2c.o(i.HAL_I2C_MspInit)
    i.HAL_IRDA_Init                          0x080021c8   Section        0  stm32f0xx_hal_irda.o(i.HAL_IRDA_Init)
    i.HAL_IRDA_MspInit                       0x08002240   Section        0  usart.o(i.HAL_IRDA_MspInit)
    i.HAL_IncTick                            0x0800229c   Section        0  stm32f0xx_hal.o(i.HAL_IncTick)
    i.HAL_Init                               0x080022ac   Section        0  stm32f0xx_hal.o(i.HAL_Init)
    i.HAL_InitTick                           0x080022cc   Section        0  stm32f0xx_hal.o(i.HAL_InitTick)
    i.HAL_MspInit                            0x080022f4   Section        0  stm32f0xx_hal_msp.o(i.HAL_MspInit)
    i.HAL_NVIC_EnableIRQ                     0x08002338   Section        0  stm32f0xx_hal_cortex.o(i.HAL_NVIC_EnableIRQ)
    i.HAL_NVIC_SetPriority                   0x08002350   Section        0  stm32f0xx_hal_cortex.o(i.HAL_NVIC_SetPriority)
    i.HAL_RCCEx_PeriphCLKConfig              0x08002364   Section        0  stm32f0xx_hal_rcc_ex.o(i.HAL_RCCEx_PeriphCLKConfig)
    i.HAL_RCC_ClockConfig                    0x08002508   Section        0  stm32f0xx_hal_rcc.o(i.HAL_RCC_ClockConfig)
    i.HAL_RCC_GetHCLKFreq                    0x080026d8   Section        0  stm32f0xx_hal_rcc.o(i.HAL_RCC_GetHCLKFreq)
    i.HAL_RCC_GetPCLK1Freq                   0x080026e4   Section        0  stm32f0xx_hal_rcc.o(i.HAL_RCC_GetPCLK1Freq)
    i.HAL_RCC_GetSysClockFreq                0x08002708   Section        0  stm32f0xx_hal_rcc.o(i.HAL_RCC_GetSysClockFreq)
    i.HAL_RCC_OscConfig                      0x080027fc   Section        0  stm32f0xx_hal_rcc.o(i.HAL_RCC_OscConfig)
    i.HAL_RTCEx_SetWakeUpTimer               0x08002dfc   Section        0  stm32f0xx_hal_rtc_ex.o(i.HAL_RTCEx_SetWakeUpTimer)
    i.HAL_RTC_Init                           0x08002f08   Section        0  stm32f0xx_hal_rtc.o(i.HAL_RTC_Init)
    i.HAL_RTC_MspInit                        0x08002fc4   Section        0  rtc.o(i.HAL_RTC_MspInit)
    i.HAL_RTC_SetDate                        0x08002fe4   Section        0  stm32f0xx_hal_rtc.o(i.HAL_RTC_SetDate)
    i.HAL_RTC_SetTime                        0x08003100   Section        0  stm32f0xx_hal_rtc.o(i.HAL_RTC_SetTime)
    i.HAL_RTC_WaitForSynchro                 0x08003244   Section        0  stm32f0xx_hal_rtc.o(i.HAL_RTC_WaitForSynchro)
    i.HAL_SYSTICK_CLKSourceConfig            0x08003280   Section        0  stm32f0xx_hal_cortex.o(i.HAL_SYSTICK_CLKSourceConfig)
    i.HAL_SYSTICK_Callback                   0x080032a4   Section        0  main.o(i.HAL_SYSTICK_Callback)
    i.HAL_SYSTICK_Config                     0x0800332c   Section        0  stm32f0xx_hal_cortex.o(i.HAL_SYSTICK_Config)
    i.HAL_SYSTICK_IRQHandler                 0x08003364   Section        0  stm32f0xx_hal_cortex.o(i.HAL_SYSTICK_IRQHandler)
    i.HAL_TIMEx_ConfigBreakDeadTime          0x0800336c   Section        0  stm32f0xx_hal_tim_ex.o(i.HAL_TIMEx_ConfigBreakDeadTime)
    i.HAL_TIMEx_MasterConfigSynchronization  0x08003412   Section        0  stm32f0xx_hal_tim_ex.o(i.HAL_TIMEx_MasterConfigSynchronization)
    i.HAL_TIMEx_PWMN_Start                   0x08003474   Section        0  stm32f0xx_hal_tim_ex.o(i.HAL_TIMEx_PWMN_Start)
    i.HAL_TIM_Base_Init                      0x080034a2   Section        0  stm32f0xx_hal_tim.o(i.HAL_TIM_Base_Init)
    i.HAL_TIM_Base_MspInit                   0x080034dc   Section        0  tim.o(i.HAL_TIM_Base_MspInit)
    i.HAL_TIM_ConfigClockSource              0x080035d0   Section        0  stm32f0xx_hal_tim.o(i.HAL_TIM_ConfigClockSource)
    i.HAL_TIM_IC_ConfigChannel               0x0800370e   Section        0  stm32f0xx_hal_tim.o(i.HAL_TIM_IC_ConfigChannel)
    i.HAL_TIM_IC_Init                        0x080037f0   Section        0  stm32f0xx_hal_tim.o(i.HAL_TIM_IC_Init)
    i.HAL_TIM_IC_MspInit                     0x08003828   Section        0  stm32f0xx_hal_tim.o(i.HAL_TIM_IC_MspInit)
    i.HAL_TIM_IC_Start                       0x0800382a   Section        0  stm32f0xx_hal_tim.o(i.HAL_TIM_IC_Start)
    i.HAL_TIM_MspPostInit                    0x0800384c   Section        0  tim.o(i.HAL_TIM_MspPostInit)
    i.HAL_TIM_PWM_ConfigChannel              0x08003880   Section        0  stm32f0xx_hal_tim.o(i.HAL_TIM_PWM_ConfigChannel)
    i.HAL_TIM_PWM_Init                       0x08003992   Section        0  stm32f0xx_hal_tim.o(i.HAL_TIM_PWM_Init)
    i.HAL_TIM_PWM_MspInit                    0x080039ca   Section        0  stm32f0xx_hal_tim.o(i.HAL_TIM_PWM_MspInit)
    i.HAL_UART_Init                          0x080039cc   Section        0  stm32f0xx_hal_uart.o(i.HAL_UART_Init)
    i.HAL_UART_MspInit                       0x08003a50   Section        0  usart.o(i.HAL_UART_MspInit)
    i.HardFault_Handler                      0x08003aac   Section        0  stm32f0xx_it.o(i.HardFault_Handler)
    i.I2C_Flush_TXDR                         0x08003ab0   Section        0  stm32f0xx_hal_i2c.o(i.I2C_Flush_TXDR)
    I2C_Flush_TXDR                           0x08003ab1   Thumb Code    50  stm32f0xx_hal_i2c.o(i.I2C_Flush_TXDR)
    i.I2C_IsAcknowledgeFailed                0x08003ae4   Section        0  stm32f0xx_hal_i2c.o(i.I2C_IsAcknowledgeFailed)
    I2C_IsAcknowledgeFailed                  0x08003ae5   Thumb Code   144  stm32f0xx_hal_i2c.o(i.I2C_IsAcknowledgeFailed)
    i.I2C_RequestMemoryRead                  0x08003b78   Section        0  stm32f0xx_hal_i2c.o(i.I2C_RequestMemoryRead)
    I2C_RequestMemoryRead                    0x08003b79   Thumb Code   146  stm32f0xx_hal_i2c.o(i.I2C_RequestMemoryRead)
    i.I2C_RequestMemoryWrite                 0x08003c0a   Section        0  stm32f0xx_hal_i2c.o(i.I2C_RequestMemoryWrite)
    I2C_RequestMemoryWrite                   0x08003c0b   Thumb Code   146  stm32f0xx_hal_i2c.o(i.I2C_RequestMemoryWrite)
    i.I2C_TransferConfig                     0x08003c9c   Section        0  stm32f0xx_hal_i2c.o(i.I2C_TransferConfig)
    I2C_TransferConfig                       0x08003c9d   Thumb Code    42  stm32f0xx_hal_i2c.o(i.I2C_TransferConfig)
    i.I2C_WaitOnFlagUntilTimeout             0x08003ccc   Section        0  stm32f0xx_hal_i2c.o(i.I2C_WaitOnFlagUntilTimeout)
    I2C_WaitOnFlagUntilTimeout               0x08003ccd   Thumb Code    82  stm32f0xx_hal_i2c.o(i.I2C_WaitOnFlagUntilTimeout)
    i.I2C_WaitOnSTOPFlagUntilTimeout         0x08003d1e   Section        0  stm32f0xx_hal_i2c.o(i.I2C_WaitOnSTOPFlagUntilTimeout)
    I2C_WaitOnSTOPFlagUntilTimeout           0x08003d1f   Thumb Code    90  stm32f0xx_hal_i2c.o(i.I2C_WaitOnSTOPFlagUntilTimeout)
    i.I2C_WaitOnTXISFlagUntilTimeout         0x08003d78   Section        0  stm32f0xx_hal_i2c.o(i.I2C_WaitOnTXISFlagUntilTimeout)
    I2C_WaitOnTXISFlagUntilTimeout           0x08003d79   Thumb Code    96  stm32f0xx_hal_i2c.o(i.I2C_WaitOnTXISFlagUntilTimeout)
    i.IRDA_CheckIdleState                    0x08003dd8   Section        0  stm32f0xx_hal_irda.o(i.IRDA_CheckIdleState)
    IRDA_CheckIdleState                      0x08003dd9   Thumb Code   140  stm32f0xx_hal_irda.o(i.IRDA_CheckIdleState)
    i.IRDA_SetConfig                         0x08003e70   Section        0  stm32f0xx_hal_irda.o(i.IRDA_SetConfig)
    IRDA_SetConfig                           0x08003e71   Thumb Code   450  stm32f0xx_hal_irda.o(i.IRDA_SetConfig)
    i.IRDA_WaitOnFlagUntilTimeout            0x08004060   Section        0  stm32f0xx_hal_irda.o(i.IRDA_WaitOnFlagUntilTimeout)
    IRDA_WaitOnFlagUntilTimeout              0x08004061   Thumb Code   112  stm32f0xx_hal_irda.o(i.IRDA_WaitOnFlagUntilTimeout)
    i.MX_ADC_Init                            0x080040d0   Section        0  adc.o(i.MX_ADC_Init)
    i.MX_CAN_Init                            0x080041dc   Section        0  can.o(i.MX_CAN_Init)
    i.MX_GPIO_Init                           0x08004224   Section        0  gpio.o(i.MX_GPIO_Init)
    i.MX_I2C2_Init                           0x0800439c   Section        0  i2c.o(i.MX_I2C2_Init)
    i.MX_IWDG_Init                           0x080043e8   Section        0  iwdg.o(i.MX_IWDG_Init)
    i.MX_RTC_Init                            0x080043ec   Section        0  rtc.o(i.MX_RTC_Init)
    i.MX_TIM16_Init                          0x08004478   Section        0  tim.o(i.MX_TIM16_Init)
    i.MX_TIM17_Init                          0x080044a8   Section        0  tim.o(i.MX_TIM17_Init)
    i.MX_TIM1_Init                           0x08004548   Section        0  tim.o(i.MX_TIM1_Init)
    i.MX_TIM2_Init                           0x080045b0   Section        0  tim.o(i.MX_TIM2_Init)
    i.MX_USART1_UART_Init                    0x08004650   Section        0  usart.o(i.MX_USART1_UART_Init)
    i.MX_USART3_IRDA_Init                    0x08004694   Section        0  usart.o(i.MX_USART3_IRDA_Init)
    i.MainInit                               0x080046d0   Section        0  main_hal.o(i.MainInit)
    i.NMI_Handler                            0x080047e8   Section        0  stm32f0xx_it.o(i.NMI_Handler)
    i.NVIC_SetPriority                       0x080047ec   Section        0  stm32f0xx_hal_cortex.o(i.NVIC_SetPriority)
    NVIC_SetPriority                         0x080047ed   Thumb Code   110  stm32f0xx_hal_cortex.o(i.NVIC_SetPriority)
    i.PendSV_Handler                         0x08004864   Section        0  stm32f0xx_it.o(i.PendSV_Handler)
    i.RTC_Bcd2ToByte                         0x08004866   Section        0  stm32f0xx_hal_rtc.o(i.RTC_Bcd2ToByte)
    i.RTC_ByteToBcd2                         0x08004880   Section        0  stm32f0xx_hal_rtc.o(i.RTC_ByteToBcd2)
    i.RTC_EnterInitMode                      0x0800489a   Section        0  stm32f0xx_hal_rtc.o(i.RTC_EnterInitMode)
    i.RampUP                                 0x080048dc   Section        0  main.o(i.RampUP)
    i.RampUpZero                             0x08004a1c   Section        0  main.o(i.RampUpZero)
    i.ReadAnalogInput                        0x08004aa4   Section        0  main_hal.o(i.ReadAnalogInput)
    i.SVC_Handler                            0x08004af0   Section        0  stm32f0xx_it.o(i.SVC_Handler)
    i.ShowTemplate1                          0x08004af4   Section        0  main.o(i.ShowTemplate1)
    i.ShowTemplate2                          0x08004d78   Section        0  main.o(i.ShowTemplate2)
    i.ShowTemplate4                          0x08005000   Section        0  main.o(i.ShowTemplate4)
    i.ShowTemplate5                          0x08005002   Section        0  main.o(i.ShowTemplate5)
    i.ShowTemplate6                          0x08005004   Section        0  main.o(i.ShowTemplate6)
    i.SysTick_Handler                        0x08005006   Section        0  stm32f0xx_it.o(i.SysTick_Handler)
    i.SystemClock_Config                     0x08005014   Section        0  main.o(i.SystemClock_Config)
    i.SystemInit                             0x080050a4   Section        0  system_stm32f0xx.o(i.SystemInit)
    i.TIM_Base_SetConfig                     0x0800511c   Section        0  stm32f0xx_hal_tim.o(i.TIM_Base_SetConfig)
    i.TIM_CCxChannelCmd                      0x080051cc   Section        0  stm32f0xx_hal_tim.o(i.TIM_CCxChannelCmd)
    i.TIM_CCxNChannelCmd                     0x080051e8   Section        0  stm32f0xx_hal_tim_ex.o(i.TIM_CCxNChannelCmd)
    TIM_CCxNChannelCmd                       0x080051e9   Thumb Code    28  stm32f0xx_hal_tim_ex.o(i.TIM_CCxNChannelCmd)
    i.TIM_ETR_SetConfig                      0x08005204   Section        0  stm32f0xx_hal_tim.o(i.TIM_ETR_SetConfig)
    i.TIM_ITRx_SetConfig                     0x08005222   Section        0  stm32f0xx_hal_tim.o(i.TIM_ITRx_SetConfig)
    TIM_ITRx_SetConfig                       0x08005223   Thumb Code    26  stm32f0xx_hal_tim.o(i.TIM_ITRx_SetConfig)
    i.TIM_OC1_SetConfig                      0x0800523c   Section        0  stm32f0xx_hal_tim.o(i.TIM_OC1_SetConfig)
    TIM_OC1_SetConfig                        0x0800523d   Thumb Code   164  stm32f0xx_hal_tim.o(i.TIM_OC1_SetConfig)
    i.TIM_OC2_SetConfig                      0x080052f0   Section        0  stm32f0xx_hal_tim.o(i.TIM_OC2_SetConfig)
    i.TIM_OC3_SetConfig                      0x080053b8   Section        0  stm32f0xx_hal_tim.o(i.TIM_OC3_SetConfig)
    TIM_OC3_SetConfig                        0x080053b9   Thumb Code   178  stm32f0xx_hal_tim.o(i.TIM_OC3_SetConfig)
    i.TIM_OC4_SetConfig                      0x0800547c   Section        0  stm32f0xx_hal_tim.o(i.TIM_OC4_SetConfig)
    TIM_OC4_SetConfig                        0x0800547d   Thumb Code   118  stm32f0xx_hal_tim.o(i.TIM_OC4_SetConfig)
    i.TIM_TI1_ConfigInputStage               0x08005504   Section        0  stm32f0xx_hal_tim.o(i.TIM_TI1_ConfigInputStage)
    TIM_TI1_ConfigInputStage                 0x08005505   Thumb Code    54  stm32f0xx_hal_tim.o(i.TIM_TI1_ConfigInputStage)
    i.TIM_TI1_SetConfig                      0x0800553c   Section        0  stm32f0xx_hal_tim.o(i.TIM_TI1_SetConfig)
    i.TIM_TI2_ConfigInputStage               0x080055b4   Section        0  stm32f0xx_hal_tim.o(i.TIM_TI2_ConfigInputStage)
    TIM_TI2_ConfigInputStage                 0x080055b5   Thumb Code    54  stm32f0xx_hal_tim.o(i.TIM_TI2_ConfigInputStage)
    i.TIM_TI2_SetConfig                      0x080055ea   Section        0  stm32f0xx_hal_tim.o(i.TIM_TI2_SetConfig)
    TIM_TI2_SetConfig                        0x080055eb   Thumb Code    76  stm32f0xx_hal_tim.o(i.TIM_TI2_SetConfig)
    i.TIM_TI3_SetConfig                      0x08005636   Section        0  stm32f0xx_hal_tim.o(i.TIM_TI3_SetConfig)
    TIM_TI3_SetConfig                        0x08005637   Thumb Code    74  stm32f0xx_hal_tim.o(i.TIM_TI3_SetConfig)
    i.TIM_TI4_SetConfig                      0x08005680   Section        0  stm32f0xx_hal_tim.o(i.TIM_TI4_SetConfig)
    TIM_TI4_SetConfig                        0x08005681   Thumb Code    82  stm32f0xx_hal_tim.o(i.TIM_TI4_SetConfig)
    i.TackButton                             0x080056d4   Section        0  main.o(i.TackButton)
    i.UART_AdvFeatureConfig                  0x08005a80   Section        0  stm32f0xx_hal_uart.o(i.UART_AdvFeatureConfig)
    i.UART_CheckIdleState                    0x08005b70   Section        0  stm32f0xx_hal_uart.o(i.UART_CheckIdleState)
    i.UART_SetConfig                         0x08005c08   Section        0  stm32f0xx_hal_uart.o(i.UART_SetConfig)
    i.UART_WaitOnFlagUntilTimeout            0x08005eb0   Section        0  stm32f0xx_hal_uart.o(i.UART_WaitOnFlagUntilTimeout)
    i.__ARM_common_switch8                   0x08005f20   Section        0  main.o(i.__ARM_common_switch8)
    i.__scatterload_copy                     0x08005f3c   Section       14  handlers.o(i.__scatterload_copy)
    i.__scatterload_null                     0x08005f4a   Section        2  handlers.o(i.__scatterload_null)
    i.__scatterload_zeroinit                 0x08005f4c   Section       14  handlers.o(i.__scatterload_zeroinit)
    i.changetackpositie                      0x08005f5c   Section        0  main.o(i.changetackpositie)
    i.fatalerror                             0x0800608c   Section        0  main.o(i.fatalerror)
    i.main                                   0x08006780   Section        0  main.o(i.main)
    i.mainReadButtons                        0x08006d30   Section        0  main.o(i.mainReadButtons)
    i.parameteractuatorread                  0x08006df0   Section        0  main.o(i.parameteractuatorread)
    i.savetackpositie                        0x080070c8   Section        0  main.o(i.savetackpositie)
    i.sendControlBBM                         0x080071d4   Section        0  main.o(i.sendControlBBM)
    i.sendControlBBR                         0x0800723c   Section        0  main.o(i.sendControlBBR)
    i.sendControlSBM                         0x080072a4   Section        0  main.o(i.sendControlSBM)
    i.sendControlSBR                         0x0800730c   Section        0  main.o(i.sendControlSBR)
    i.startTemplate                          0x08007374   Section        0  main.o(i.startTemplate)
    .constdata                               0x08007768   Section       24  system_stm32f0xx.o(.constdata)
    .data                                    0x20000000   Section      552  main.o(.data)
    J1939ID                                  0x200001e8   Data           8  main.o(.data)
    CANTXMessage                             0x200001f0   Data           8  main.o(.data)
    J1939ID                                  0x200001f8   Data           8  main.o(.data)
    CANTXMessage                             0x20000200   Data           8  main.o(.data)
    J1939ID                                  0x20000208   Data           8  main.o(.data)
    CANTXMessage                             0x20000210   Data           8  main.o(.data)
    J1939ID                                  0x20000218   Data           8  main.o(.data)
    CANTXMessage                             0x20000220   Data           8  main.o(.data)
    .data                                    0x20000228   Section        4  system_stm32f0xx.o(.data)
    .data                                    0x2000022c   Section        4  stm32f0xx_hal.o(.data)
    .bss                                     0x20000230   Section      256  tim.o(.bss)
    .bss                                     0x20000330   Section      172  usart.o(.bss)
    .bss                                     0x200003dc   Section       76  i2c.o(.bss)
    .bss                                     0x20000428   Section       64  can.o(.bss)
    .bss                                     0x20000468   Section       76  adc.o(.bss)
    .bss                                     0x200004b4   Section       80  main.o(.bss)
    .bss                                     0x20000504   Section       32  rtc.o(.bss)
    STACK                                    0x20000528   Section     1024  startup_stm32f091xc.o(STACK)

    Global Symbols

    Symbol Name                              Value     Ov Type        Size  Object(Section)

    BuildAttributes$$THM_ISAv3M$S$PE$A:L22$X:L11$S22$IEEE1$IW$USESV6$~STKCKD$USESV7$~SHL$OSPACE$EBA8$MICROLIB$REQ8$PRES8$EABIv2 0x00000000   Number         0  anon$$obj.o ABSOLUTE
    __ARM_use_no_argv                        0x00000000   Number         0  main.o ABSOLUTE
    __cpp_initialize__aeabi_                  - Undefined Weak Reference
    __cxa_finalize                            - Undefined Weak Reference
    _clock_init                               - Undefined Weak Reference
    _microlib_exit                            - Undefined Weak Reference
    __Vectors_Size                           0x000000bc   Number         0  startup_stm32f091xc.o ABSOLUTE
    __Vectors                                0x08000000   Data           4  startup_stm32f091xc.o(RESET)
    __Vectors_End                            0x080000bc   Data           0  startup_stm32f091xc.o(RESET)
    __main                                   0x080000bd   Thumb Code     0  entry.o(.ARM.Collect$$$$00000000)
    _main_stk                                0x080000bd   Thumb Code     0  entry2.o(.ARM.Collect$$$$00000001)
    _main_scatterload                        0x080000c1   Thumb Code     0  entry5.o(.ARM.Collect$$$$00000004)
    __main_after_scatterload                 0x080000c5   Thumb Code     0  entry5.o(.ARM.Collect$$$$00000004)
    _main_clock                              0x080000c5   Thumb Code     0  entry7b.o(.ARM.Collect$$$$00000008)
    _main_cpp_init                           0x080000c5   Thumb Code     0  entry8b.o(.ARM.Collect$$$$0000000A)
    _main_init                               0x080000c5   Thumb Code     0  entry9a.o(.ARM.Collect$$$$0000000B)
    __rt_final_cpp                           0x080000cd   Thumb Code     0  entry10a.o(.ARM.Collect$$$$0000000D)
    __rt_final_exit                          0x080000cd   Thumb Code     0  entry11a.o(.ARM.Collect$$$$0000000F)
    Reset_Handler                            0x080000d1   Thumb Code     8  startup_stm32f091xc.o(.text)
    ADC1_COMP_IRQHandler                     0x080000e3   Thumb Code     0  startup_stm32f091xc.o(.text)
    DMA1_Ch1_IRQHandler                      0x080000e3   Thumb Code     0  startup_stm32f091xc.o(.text)
    DMA1_Ch2_3_DMA2_Ch1_2_IRQHandler         0x080000e3   Thumb Code     0  startup_stm32f091xc.o(.text)
    DMA1_Ch4_7_DMA2_Ch3_5_IRQHandler         0x080000e3   Thumb Code     0  startup_stm32f091xc.o(.text)
    EXTI0_1_IRQHandler                       0x080000e3   Thumb Code     0  startup_stm32f091xc.o(.text)
    EXTI2_3_IRQHandler                       0x080000e3   Thumb Code     0  startup_stm32f091xc.o(.text)
    EXTI4_15_IRQHandler                      0x080000e3   Thumb Code     0  startup_stm32f091xc.o(.text)
    FLASH_IRQHandler                         0x080000e3   Thumb Code     0  startup_stm32f091xc.o(.text)
    I2C1_IRQHandler                          0x080000e3   Thumb Code     0  startup_stm32f091xc.o(.text)
    I2C2_IRQHandler                          0x080000e3   Thumb Code     0  startup_stm32f091xc.o(.text)
    PVD_VDDIO2_IRQHandler                    0x080000e3   Thumb Code     0  startup_stm32f091xc.o(.text)
    RCC_CRS_IRQHandler                       0x080000e3   Thumb Code     0  startup_stm32f091xc.o(.text)
    RTC_IRQHandler                           0x080000e3   Thumb Code     0  startup_stm32f091xc.o(.text)
    SPI1_IRQHandler                          0x080000e3   Thumb Code     0  startup_stm32f091xc.o(.text)
    SPI2_IRQHandler                          0x080000e3   Thumb Code     0  startup_stm32f091xc.o(.text)
    TIM14_IRQHandler                         0x080000e3   Thumb Code     0  startup_stm32f091xc.o(.text)
    TIM15_IRQHandler                         0x080000e3   Thumb Code     0  startup_stm32f091xc.o(.text)
    TIM16_IRQHandler                         0x080000e3   Thumb Code     0  startup_stm32f091xc.o(.text)
    TIM17_IRQHandler                         0x080000e3   Thumb Code     0  startup_stm32f091xc.o(.text)
    TIM1_BRK_UP_TRG_COM_IRQHandler           0x080000e3   Thumb Code     0  startup_stm32f091xc.o(.text)
    TIM1_CC_IRQHandler                       0x080000e3   Thumb Code     0  startup_stm32f091xc.o(.text)
    TIM2_IRQHandler                          0x080000e3   Thumb Code     0  startup_stm32f091xc.o(.text)
    TIM3_IRQHandler                          0x080000e3   Thumb Code     0  startup_stm32f091xc.o(.text)
    TIM6_DAC_IRQHandler                      0x080000e3   Thumb Code     0  startup_stm32f091xc.o(.text)
    TIM7_IRQHandler                          0x080000e3   Thumb Code     0  startup_stm32f091xc.o(.text)
    TSC_IRQHandler                           0x080000e3   Thumb Code     0  startup_stm32f091xc.o(.text)
    USART1_IRQHandler                        0x080000e3   Thumb Code     0  startup_stm32f091xc.o(.text)
    USART2_IRQHandler                        0x080000e3   Thumb Code     0  startup_stm32f091xc.o(.text)
    USART3_8_IRQHandler                      0x080000e3   Thumb Code     0  startup_stm32f091xc.o(.text)
    WWDG_IRQHandler                          0x080000e3   Thumb Code     0  startup_stm32f091xc.o(.text)
    __aeabi_uidiv                            0x080000ed   Thumb Code     0  uidiv.o(.text)
    __aeabi_uidivmod                         0x080000ed   Thumb Code    44  uidiv.o(.text)
    strncpy                                  0x08000119   Thumb Code    26  strncpy.o(.text)
    __aeabi_uwrite4                          0x08000133   Thumb Code    18  uwrite4.o(.text)
    __rt_uwrite4                             0x08000133   Thumb Code     0  uwrite4.o(.text)
    _uwrite4                                 0x08000133   Thumb Code     0  uwrite4.o(.text)
    __scatterload                            0x08000145   Thumb Code    28  init.o(.text)
    __scatterload_rt2                        0x08000145   Thumb Code     0  init.o(.text)
    __decompress                             0x08000169   Thumb Code     0  __dczerorl.o(.text)
    __decompress0                            0x08000169   Thumb Code    58  __dczerorl.o(.text)
    Buttons                                  0x0800038d   Thumb Code   316  main.o(i.Buttons)
    CANzenderBBM                             0x08000745   Thumb Code   126  main.o(i.CANzenderBBM)
    CANzenderBBR                             0x080007d9   Thumb Code   126  main.o(i.CANzenderBBR)
    CANzenderSBM                             0x0800086d   Thumb Code   126  main.o(i.CANzenderSBM)
    CANzenderSBR                             0x08000901   Thumb Code   126  main.o(i.CANzenderSBR)
    CEC_CAN_IRQHandler                       0x08000995   Thumb Code    10  stm32f0xx_it.o(i.CEC_CAN_IRQHandler)
    DIn7ResetCounter                         0x080009a5   Thumb Code    10  main_hal.o(i.DIn7ResetCounter)
    EEPROM_Read                              0x080009b5   Thumb Code   112  main_hal.o(i.EEPROM_Read)
    EEPROM_Write                             0x08000a29   Thumb Code   118  main_hal.o(i.EEPROM_Write)
    Error_Handler                            0x08000aa5   Thumb Code     4  main.o(i.Error_Handler)
    HAL_ADCEx_Calibration_Start              0x08000aa9   Thumb Code   194  stm32f0xx_hal_adc_ex.o(i.HAL_ADCEx_Calibration_Start)
    HAL_ADC_ConfigChannel                    0x08000b6d   Thumb Code   412  stm32f0xx_hal_adc.o(i.HAL_ADC_ConfigChannel)
    HAL_ADC_GetValue                         0x08000d19   Thumb Code     8  stm32f0xx_hal_adc.o(i.HAL_ADC_GetValue)
    HAL_ADC_Init                             0x08000d21   Thumb Code   440  stm32f0xx_hal_adc.o(i.HAL_ADC_Init)
    HAL_ADC_MspInit                          0x08000ee1   Thumb Code    68  adc.o(i.HAL_ADC_MspInit)
    HAL_ADC_PollForConversion                0x08000f2d   Thumb Code   228  stm32f0xx_hal_adc.o(i.HAL_ADC_PollForConversion)
    HAL_ADC_Start                            0x08001011   Thumb Code   114  stm32f0xx_hal_adc.o(i.HAL_ADC_Start)
    HAL_ADC_Stop                             0x08001089   Thumb Code    80  stm32f0xx_hal_adc.o(i.HAL_ADC_Stop)
    HAL_CAN_ConfigFilter                     0x080010d9   Thumb Code   432  stm32f0xx_hal_can.o(i.HAL_CAN_ConfigFilter)
    HAL_CAN_ErrorCallback                    0x08001289   Thumb Code     2  stm32f0xx_hal_can.o(i.HAL_CAN_ErrorCallback)
    HAL_CAN_IRQHandler                       0x0800128d   Thumb Code   468  stm32f0xx_hal_can.o(i.HAL_CAN_IRQHandler)
    HAL_CAN_Init                             0x0800146d   Thumb Code   448  stm32f0xx_hal_can.o(i.HAL_CAN_Init)
    HAL_CAN_MspInit                          0x0800162d   Thumb Code    96  can.o(i.HAL_CAN_MspInit)
    HAL_CAN_Receive_IT                       0x08001699   Thumb Code   186  stm32f0xx_hal_can.o(i.HAL_CAN_Receive_IT)
    HAL_CAN_RxCpltCallback                   0x08001755   Thumb Code   150  main.o(i.HAL_CAN_RxCpltCallback)
    HAL_CAN_Transmit                         0x0800180d   Thumb Code   578  stm32f0xx_hal_can.o(i.HAL_CAN_Transmit)
    HAL_CAN_TxCpltCallback                   0x08001a5d   Thumb Code     2  stm32f0xx_hal_can.o(i.HAL_CAN_TxCpltCallback)
    HAL_Delay                                0x08001a5f   Thumb Code    26  stm32f0xx_hal.o(i.HAL_Delay)
    HAL_GPIO_Init                            0x08001a79   Thumb Code   480  stm32f0xx_hal_gpio.o(i.HAL_GPIO_Init)
    HAL_GPIO_ReadPin                         0x08001c75   Thumb Code    18  stm32f0xx_hal_gpio.o(i.HAL_GPIO_ReadPin)
    HAL_GPIO_WritePin                        0x08001c87   Thumb Code    12  stm32f0xx_hal_gpio.o(i.HAL_GPIO_WritePin)
    HAL_GetTick                              0x08001c95   Thumb Code     6  stm32f0xx_hal.o(i.HAL_GetTick)
    HAL_I2CEx_ConfigAnalogFilter             0x08001ca1   Thumb Code   110  stm32f0xx_hal_i2c_ex.o(i.HAL_I2CEx_ConfigAnalogFilter)
    HAL_I2C_Init                             0x08001d11   Thumb Code   208  stm32f0xx_hal_i2c.o(i.HAL_I2C_Init)
    HAL_I2C_Mem_Read                         0x08001de5   Thumb Code   446  stm32f0xx_hal_i2c.o(i.HAL_I2C_Mem_Read)
    HAL_I2C_Mem_Write                        0x08001fa9   Thumb Code   446  stm32f0xx_hal_i2c.o(i.HAL_I2C_Mem_Write)
    HAL_I2C_MspInit                          0x0800216d   Thumb Code    80  i2c.o(i.HAL_I2C_MspInit)
    HAL_IRDA_Init                            0x080021c9   Thumb Code   120  stm32f0xx_hal_irda.o(i.HAL_IRDA_Init)
    HAL_IRDA_MspInit                         0x08002241   Thumb Code    80  usart.o(i.HAL_IRDA_MspInit)
    HAL_IncTick                              0x0800229d   Thumb Code    12  stm32f0xx_hal.o(i.HAL_IncTick)
    HAL_Init                                 0x080022ad   Thumb Code    28  stm32f0xx_hal.o(i.HAL_Init)
    HAL_InitTick                             0x080022cd   Thumb Code    38  stm32f0xx_hal.o(i.HAL_InitTick)
    HAL_MspInit                              0x080022f5   Thumb Code    62  stm32f0xx_hal_msp.o(i.HAL_MspInit)
    HAL_NVIC_EnableIRQ                       0x08002339   Thumb Code    18  stm32f0xx_hal_cortex.o(i.HAL_NVIC_EnableIRQ)
    HAL_NVIC_SetPriority                     0x08002351   Thumb Code    18  stm32f0xx_hal_cortex.o(i.HAL_NVIC_SetPriority)
    HAL_RCCEx_PeriphCLKConfig                0x08002365   Thumb Code   408  stm32f0xx_hal_rcc_ex.o(i.HAL_RCCEx_PeriphCLKConfig)
    HAL_RCC_ClockConfig                      0x08002509   Thumb Code   444  stm32f0xx_hal_rcc.o(i.HAL_RCC_ClockConfig)
    HAL_RCC_GetHCLKFreq                      0x080026d9   Thumb Code     6  stm32f0xx_hal_rcc.o(i.HAL_RCC_GetHCLKFreq)
    HAL_RCC_GetPCLK1Freq                     0x080026e5   Thumb Code    26  stm32f0xx_hal_rcc.o(i.HAL_RCC_GetPCLK1Freq)
    HAL_RCC_GetSysClockFreq                  0x08002709   Thumb Code   194  stm32f0xx_hal_rcc.o(i.HAL_RCC_GetSysClockFreq)
    HAL_RCC_OscConfig                        0x080027fd   Thumb Code  1532  stm32f0xx_hal_rcc.o(i.HAL_RCC_OscConfig)
    HAL_RTCEx_SetWakeUpTimer                 0x08002dfd   Thumb Code   266  stm32f0xx_hal_rtc_ex.o(i.HAL_RTCEx_SetWakeUpTimer)
    HAL_RTC_Init                             0x08002f09   Thumb Code   182  stm32f0xx_hal_rtc.o(i.HAL_RTC_Init)
    HAL_RTC_MspInit                          0x08002fc5   Thumb Code    22  rtc.o(i.HAL_RTC_MspInit)
    HAL_RTC_SetDate                          0x08002fe5   Thumb Code   280  stm32f0xx_hal_rtc.o(i.HAL_RTC_SetDate)
    HAL_RTC_SetTime                          0x08003101   Thumb Code   318  stm32f0xx_hal_rtc.o(i.HAL_RTC_SetTime)
    HAL_RTC_WaitForSynchro                   0x08003245   Thumb Code    60  stm32f0xx_hal_rtc.o(i.HAL_RTC_WaitForSynchro)
    HAL_SYSTICK_CLKSourceConfig              0x08003281   Thumb Code    32  stm32f0xx_hal_cortex.o(i.HAL_SYSTICK_CLKSourceConfig)
    HAL_SYSTICK_Callback                     0x080032a5   Thumb Code   110  main.o(i.HAL_SYSTICK_Callback)
    HAL_SYSTICK_Config                       0x0800332d   Thumb Code    46  stm32f0xx_hal_cortex.o(i.HAL_SYSTICK_Config)
    HAL_SYSTICK_IRQHandler                   0x08003365   Thumb Code     8  stm32f0xx_hal_cortex.o(i.HAL_SYSTICK_IRQHandler)
    HAL_TIMEx_ConfigBreakDeadTime            0x0800336d   Thumb Code   166  stm32f0xx_hal_tim_ex.o(i.HAL_TIMEx_ConfigBreakDeadTime)
    HAL_TIMEx_MasterConfigSynchronization    0x08003413   Thumb Code    98  stm32f0xx_hal_tim_ex.o(i.HAL_TIMEx_MasterConfigSynchronization)
    HAL_TIMEx_PWMN_Start                     0x08003475   Thumb Code    46  stm32f0xx_hal_tim_ex.o(i.HAL_TIMEx_PWMN_Start)
    HAL_TIM_Base_Init                        0x080034a3   Thumb Code    56  stm32f0xx_hal_tim.o(i.HAL_TIM_Base_Init)
    HAL_TIM_Base_MspInit                     0x080034dd   Thumb Code   226  tim.o(i.HAL_TIM_Base_MspInit)
    HAL_TIM_ConfigClockSource                0x080035d1   Thumb Code   318  stm32f0xx_hal_tim.o(i.HAL_TIM_ConfigClockSource)
    HAL_TIM_IC_ConfigChannel                 0x0800370f   Thumb Code   226  stm32f0xx_hal_tim.o(i.HAL_TIM_IC_ConfigChannel)
    HAL_TIM_IC_Init                          0x080037f1   Thumb Code    56  stm32f0xx_hal_tim.o(i.HAL_TIM_IC_Init)
    HAL_TIM_IC_MspInit                       0x08003829   Thumb Code     2  stm32f0xx_hal_tim.o(i.HAL_TIM_IC_MspInit)
    HAL_TIM_IC_Start                         0x0800382b   Thumb Code    32  stm32f0xx_hal_tim.o(i.HAL_TIM_IC_Start)
    HAL_TIM_MspPostInit                      0x0800384d   Thumb Code    44  tim.o(i.HAL_TIM_MspPostInit)
    HAL_TIM_PWM_ConfigChannel                0x08003881   Thumb Code   274  stm32f0xx_hal_tim.o(i.HAL_TIM_PWM_ConfigChannel)
    HAL_TIM_PWM_Init                         0x08003993   Thumb Code    56  stm32f0xx_hal_tim.o(i.HAL_TIM_PWM_Init)
    HAL_TIM_PWM_MspInit                      0x080039cb   Thumb Code     2  stm32f0xx_hal_tim.o(i.HAL_TIM_PWM_MspInit)
    HAL_UART_Init                            0x080039cd   Thumb Code   130  stm32f0xx_hal_uart.o(i.HAL_UART_Init)
    HAL_UART_MspInit                         0x08003a51   Thumb Code    82  usart.o(i.HAL_UART_MspInit)
    HardFault_Handler                        0x08003aad   Thumb Code     4  stm32f0xx_it.o(i.HardFault_Handler)
    MX_ADC_Init                              0x080040d1   Thumb Code   258  adc.o(i.MX_ADC_Init)
    MX_CAN_Init                              0x080041dd   Thumb Code    64  can.o(i.MX_CAN_Init)
    MX_GPIO_Init                             0x08004225   Thumb Code   356  gpio.o(i.MX_GPIO_Init)
    MX_I2C2_Init                             0x0800439d   Thumb Code    64  i2c.o(i.MX_I2C2_Init)
    MX_IWDG_Init                             0x080043e9   Thumb Code     2  iwdg.o(i.MX_IWDG_Init)
    MX_RTC_Init                              0x080043ed   Thumb Code   132  rtc.o(i.MX_RTC_Init)
    MX_TIM16_Init                            0x08004479   Thumb Code    40  tim.o(i.MX_TIM16_Init)
    MX_TIM17_Init                            0x080044a9   Thumb Code   146  tim.o(i.MX_TIM17_Init)
    MX_TIM1_Init                             0x08004549   Thumb Code    96  tim.o(i.MX_TIM1_Init)
    MX_TIM2_Init                             0x080045b1   Thumb Code   156  tim.o(i.MX_TIM2_Init)
    MX_USART1_UART_Init                      0x08004651   Thumb Code    60  usart.o(i.MX_USART1_UART_Init)
    MX_USART3_IRDA_Init                      0x08004695   Thumb Code    50  usart.o(i.MX_USART3_IRDA_Init)
    MainInit                                 0x080046d1   Thumb Code   236  main_hal.o(i.MainInit)
    NMI_Handler                              0x080047e9   Thumb Code     2  stm32f0xx_it.o(i.NMI_Handler)
    PendSV_Handler                           0x08004865   Thumb Code     2  stm32f0xx_it.o(i.PendSV_Handler)
    RTC_Bcd2ToByte                           0x08004867   Thumb Code    26  stm32f0xx_hal_rtc.o(i.RTC_Bcd2ToByte)
    RTC_ByteToBcd2                           0x08004881   Thumb Code    26  stm32f0xx_hal_rtc.o(i.RTC_ByteToBcd2)
    RTC_EnterInitMode                        0x0800489b   Thumb Code    66  stm32f0xx_hal_rtc.o(i.RTC_EnterInitMode)
    RampUP                                   0x080048dd   Thumb Code   258  main.o(i.RampUP)
    RampUpZero                               0x08004a1d   Thumb Code    82  main.o(i.RampUpZero)
    ReadAnalogInput                          0x08004aa5   Thumb Code    62  main_hal.o(i.ReadAnalogInput)
    SVC_Handler                              0x08004af1   Thumb Code     2  stm32f0xx_it.o(i.SVC_Handler)
    ShowTemplate1                            0x08004af5   Thumb Code   600  main.o(i.ShowTemplate1)
    ShowTemplate2                            0x08004d79   Thumb Code   598  main.o(i.ShowTemplate2)
    ShowTemplate4                            0x08005001   Thumb Code     2  main.o(i.ShowTemplate4)
    ShowTemplate5                            0x08005003   Thumb Code     2  main.o(i.ShowTemplate5)
    ShowTemplate6                            0x08005005   Thumb Code     2  main.o(i.ShowTemplate6)
    SysTick_Handler                          0x08005007   Thumb Code    12  stm32f0xx_it.o(i.SysTick_Handler)
    SystemClock_Config                       0x08005015   Thumb Code   140  main.o(i.SystemClock_Config)
    SystemInit                               0x080050a5   Thumb Code   102  system_stm32f0xx.o(i.SystemInit)
    TIM_Base_SetConfig                       0x0800511d   Thumb Code   152  stm32f0xx_hal_tim.o(i.TIM_Base_SetConfig)
    TIM_CCxChannelCmd                        0x080051cd   Thumb Code    28  stm32f0xx_hal_tim.o(i.TIM_CCxChannelCmd)
    TIM_ETR_SetConfig                        0x08005205   Thumb Code    30  stm32f0xx_hal_tim.o(i.TIM_ETR_SetConfig)
    TIM_OC2_SetConfig                        0x080052f1   Thumb Code   182  stm32f0xx_hal_tim.o(i.TIM_OC2_SetConfig)
    TIM_TI1_SetConfig                        0x0800553d   Thumb Code   106  stm32f0xx_hal_tim.o(i.TIM_TI1_SetConfig)
    TackButton                               0x080056d5   Thumb Code   778  main.o(i.TackButton)
    UART_AdvFeatureConfig                    0x08005a81   Thumb Code   240  stm32f0xx_hal_uart.o(i.UART_AdvFeatureConfig)
    UART_CheckIdleState                      0x08005b71   Thumb Code   136  stm32f0xx_hal_uart.o(i.UART_CheckIdleState)
    UART_SetConfig                           0x08005c09   Thumb Code   626  stm32f0xx_hal_uart.o(i.UART_SetConfig)
    UART_WaitOnFlagUntilTimeout              0x08005eb1   Thumb Code   112  stm32f0xx_hal_uart.o(i.UART_WaitOnFlagUntilTimeout)
    __ARM_common_switch8                     0x08005f21   Thumb Code    28  main.o(i.__ARM_common_switch8)
    __scatterload_copy                       0x08005f3d   Thumb Code    14  handlers.o(i.__scatterload_copy)
    __scatterload_null                       0x08005f4b   Thumb Code     2  handlers.o(i.__scatterload_null)
    __scatterload_zeroinit                   0x08005f4d   Thumb Code    14  handlers.o(i.__scatterload_zeroinit)
    changetackpositie                        0x08005f5d   Thumb Code   236  main.o(i.changetackpositie)
    fatalerror                               0x0800608d   Thumb Code  1710  main.o(i.fatalerror)
    main                                     0x08006781   Thumb Code  1428  main.o(i.main)
    mainReadButtons                          0x08006d31   Thumb Code   184  main.o(i.mainReadButtons)
    parameteractuatorread                    0x08006df1   Thumb Code   532  main.o(i.parameteractuatorread)
    savetackpositie                          0x080070c9   Thumb Code   188  main.o(i.savetackpositie)
    sendControlBBM                           0x080071d5   Thumb Code    88  main.o(i.sendControlBBM)
    sendControlBBR                           0x0800723d   Thumb Code    88  main.o(i.sendControlBBR)
    sendControlSBM                           0x080072a5   Thumb Code    88  main.o(i.sendControlSBM)
    sendControlSBR                           0x0800730d   Thumb Code    88  main.o(i.sendControlSBR)
    startTemplate                            0x08007375   Thumb Code   916  main.o(i.startTemplate)
    AHBPrescTable                            0x08007768   Data          16  system_stm32f0xx.o(.constdata)
    APBPrescTable                            0x08007778   Data           8  system_stm32f0xx.o(.constdata)
    Region$$Table$$Base                      0x08007780   Number         0  anon$$obj.o(Region$$Table)
    Region$$Table$$Limit                     0x080077a0   Number         0  anon$$obj.o(Region$$Table)
    u16Timer                                 0x20000000   Data           2  main.o(.data)
    u16Timerstart                            0x20000002   Data           2  main.o(.data)
    u16TimerExtra                            0x20000004   Data           2  main.o(.data)
    u16TimerExtra2                           0x20000006   Data           2  main.o(.data)
    u1Timer                                  0x20000008   Data           2  main.o(.data)
    u16Tx                                    0x2000000a   Data           2  main.o(.data)
    u16Timer1                                0x2000000c   Data           2  main.o(.data)
    u16Timer2                                0x2000000e   Data           2  main.o(.data)
    backdriveFlagSBR                         0x20000010   Data           1  main.o(.data)
    runningSpeedSBR                          0x20000011   Data           1  main.o(.data)
    PositionSBR                              0x20000012   Data           2  main.o(.data)
    MoveSBR                                  0x20000014   Data           2  main.o(.data)
    HuidigePositieSBR                        0x20000016   Data           2  main.o(.data)
    TackPositieSBR                           0x20000018   Data           4  main.o(.data)
    SpeedSBR                                 0x2000001c   Data           4  main.o(.data)
    MotionFlagSBR                            0x20000020   Data           4  main.o(.data)
    SBR                                      0x20000024   Data           2  main.o(.data)
    SlowModeSBR                              0x20000028   Data           4  main.o(.data)
    SlowPositieSBR                           0x2000002c   Data           4  main.o(.data)
    measuredCurrentSBR                       0x20000030   Data           4  main.o(.data)
    voltageErrorsSBR                         0x20000034   Data           4  main.o(.data)
    tempreratureErrorSBR                     0x20000038   Data           4  main.o(.data)
    overloadFlagSBR                          0x2000003c   Data           4  main.o(.data)
    fatalErrorFlagSBR                        0x20000040   Data           4  main.o(.data)
    parmeterFlagSBR                          0x20000044   Data           4  main.o(.data)
    saturationFlagSBR                        0x20000048   Data           4  main.o(.data)
    backdriveFlagBBR                         0x2000004c   Data           1  main.o(.data)
    runningSpeedBBR                          0x2000004d   Data           1  main.o(.data)
    PositionBBR                              0x2000004e   Data           2  main.o(.data)
    MoveBBR                                  0x20000050   Data           2  main.o(.data)
    HuidigePositieBBR                        0x20000052   Data           2  main.o(.data)
    TackPositieBBR                           0x20000054   Data           4  main.o(.data)
    SpeedBBR                                 0x20000058   Data           4  main.o(.data)
    MotionFlagBBR                            0x2000005c   Data           4  main.o(.data)
    BBR                                      0x20000060   Data           2  main.o(.data)
    SlowModeBBR                              0x20000064   Data           4  main.o(.data)
    SlowPositieBBR                           0x20000068   Data           4  main.o(.data)
    measuredCurrentBBR                       0x2000006c   Data           4  main.o(.data)
    voltageErrorsBBR                         0x20000070   Data           4  main.o(.data)
    tempreratureErrorBBR                     0x20000074   Data           4  main.o(.data)
    overloadFlagBBR                          0x20000078   Data           4  main.o(.data)
    fatalErrorFlagBBR                        0x2000007c   Data           4  main.o(.data)
    parmeterFlagBBR                          0x20000080   Data           4  main.o(.data)
    saturationFlagBBR                        0x20000084   Data           4  main.o(.data)
    backdriveFlagSBM                         0x20000088   Data           1  main.o(.data)
    runningSpeedSBM                          0x20000089   Data           1  main.o(.data)
    PositionSBM                              0x2000008a   Data           2  main.o(.data)
    MoveSBM                                  0x2000008c   Data           2  main.o(.data)
    HuidigePositieSBM                        0x2000008e   Data           2  main.o(.data)
    TackPositieSBM                           0x20000090   Data           4  main.o(.data)
    SpeedSBM                                 0x20000094   Data           4  main.o(.data)
    MotionFlagSBM                            0x20000098   Data           4  main.o(.data)
    SBM                                      0x2000009c   Data           1  main.o(.data)
    SlowModeSBM                              0x200000a0   Data           4  main.o(.data)
    measuredCurrentSBM                       0x200000a4   Data           4  main.o(.data)
    voltageErrorsSBM                         0x200000a8   Data           4  main.o(.data)
    tempreratureErrorSBM                     0x200000ac   Data           4  main.o(.data)
    overloadFlagSBM                          0x200000b0   Data           4  main.o(.data)
    fatalErrorFlagSBM                        0x200000b4   Data           4  main.o(.data)
    parmeterFlagSBM                          0x200000b8   Data           4  main.o(.data)
    saturationFlagSBM                        0x200000bc   Data           4  main.o(.data)
    backdriveFlagBBM                         0x200000c0   Data           1  main.o(.data)
    runningSpeedBBM                          0x200000c1   Data           1  main.o(.data)
    PositionBBM                              0x200000c2   Data           2  main.o(.data)
    MoveBBM                                  0x200000c4   Data           2  main.o(.data)
    HuidigePositieBBM                        0x200000c6   Data           2  main.o(.data)
    TackPositieBBM                           0x200000c8   Data           4  main.o(.data)
    SpeedBBM                                 0x200000cc   Data           4  main.o(.data)
    MotionFlagBBM                            0x200000d0   Data           4  main.o(.data)
    BBM                                      0x200000d4   Data           1  main.o(.data)
    SlowModeBBM                              0x200000d8   Data           4  main.o(.data)
    measuredCurrentBBM                       0x200000dc   Data           2  main.o(.data)
    voltageErrorsBBM                         0x200000e0   Data           4  main.o(.data)
    tempreratureErrorBBM                     0x200000e4   Data           4  main.o(.data)
    overloadFlagBBM                          0x200000e8   Data           4  main.o(.data)
    fatalErrorFlagBBM                        0x200000ec   Data           4  main.o(.data)
    parmeterFlagBBM                          0x200000f0   Data           4  main.o(.data)
    saturationFlagBBM                        0x200000f4   Data           4  main.o(.data)
    SlowModeBBR1                             0x200000f8   Data           4  main.o(.data)
    SlowModeBBR2                             0x200000fc   Data           4  main.o(.data)
    SlowModeSBR1                             0x20000100   Data           4  main.o(.data)
    SlowModeSBR2                             0x20000104   Data           4  main.o(.data)
    SlowModeBBM1                             0x20000108   Data           4  main.o(.data)
    SlowModeBBM2                             0x2000010c   Data           4  main.o(.data)
    SlowModeSBM1                             0x20000110   Data           4  main.o(.data)
    SlowModeSBM2                             0x20000114   Data           4  main.o(.data)
    TackSpeed                                0x20000118   Data           1  main.o(.data)
    TackSpeeddis                             0x2000011a   Data           2  main.o(.data)
    TackRampUp                               0x2000011c   Data           4  main.o(.data)
    TackRampUpdis                            0x20000120   Data           4  main.o(.data)
    SpeedMin                                 0x20000124   Data           4  main.o(.data)
    E                                        0x20000128   Data           1  main.o(.data)
    Eold                                     0x20000129   Data           1  main.o(.data)
    D                                        0x2000012a   Data           1  main.o(.data)
    Dold                                     0x2000012b   Data           1  main.o(.data)
    C                                        0x2000012c   Data           1  main.o(.data)
    Cold                                     0x2000012d   Data           1  main.o(.data)
    B                                        0x2000012e   Data           1  main.o(.data)
    Bold                                     0x2000012f   Data           1  main.o(.data)
    A                                        0x20000130   Data           4  main.o(.data)
    Aold                                     0x20000134   Data           4  main.o(.data)
    actuatorSBRStatus                        0x20000138   Data           8  main.o(.data)
    actuatorBBRStatus                        0x20000140   Data           8  main.o(.data)
    actuatorSBMStatus                        0x20000148   Data           8  main.o(.data)
    actuatorBBMStatus                        0x20000150   Data           8  main.o(.data)
    DMAStatus                                0x20000158   Data           8  main.o(.data)
    DMAOK                                    0x20000160   Data           4  main.o(.data)
    DMAbuttons                               0x20000164   Data           4  main.o(.data)
    tack1                                    0x20000168   Data           4  main.o(.data)
    tack2                                    0x2000016c   Data           4  main.o(.data)
    tackpositie1                             0x20000170   Data           4  main.o(.data)
    tackpositie2                             0x20000174   Data           4  main.o(.data)
    tacksaveR                                0x20000178   Data           4  main.o(.data)
    tacksaveM                                0x2000017c   Data           4  main.o(.data)
    adcValue                                 0x20000180   Data           4  main.o(.data)
    IN1A                                     0x20000184   Data           4  main.o(.data)
    Buttonstate                              0x20000188   Data           4  main.o(.data)
    u8WrSBR                                  0x2000018c   Data           4  main.o(.data)
    u8RdSBR                                  0x20000190   Data           4  main.o(.data)
    u8WrOldSBR                               0x20000194   Data           4  main.o(.data)
    u8WrBBR                                  0x20000198   Data           4  main.o(.data)
    u8RdBBR                                  0x2000019c   Data           4  main.o(.data)
    u8WrOldBBR                               0x200001a0   Data           4  main.o(.data)
    u8WrSBM                                  0x200001a4   Data           4  main.o(.data)
    u8RdSBM                                  0x200001a8   Data           4  main.o(.data)
    u8WrOldSBM                               0x200001ac   Data           4  main.o(.data)
    u8WrBBM                                  0x200001b0   Data           4  main.o(.data)
    u8RdBBM                                  0x200001b4   Data           4  main.o(.data)
    u8WrOldBMM                               0x200001b8   Data           4  main.o(.data)
    RampUpSpeed                              0x200001bc   Data           2  main.o(.data)
    RampUpSpeeddis                           0x200001be   Data           2  main.o(.data)
    temp4                                    0x200001c0   Data           1  main.o(.data)
    voltage                                  0x200001c4   Data           4  main.o(.data)
    ESCUP                                    0x200001c8   Data           4  main.o(.data)
    DOWNOK                                   0x200001cc   Data           4  main.o(.data)
    DOWNOKold                                0x200001d0   Data           4  main.o(.data)
    ESCUPold                                 0x200001d4   Data           4  main.o(.data)
    u8Template                               0x200001d8   Data           1  main.o(.data)
    OK                                       0x200001d9   Data           1  main.o(.data)
    ESC                                      0x200001da   Data           1  main.o(.data)
    DOWN                                     0x200001db   Data           1  main.o(.data)
    UP                                       0x200001dc   Data           1  main.o(.data)
    BBMfatalerror                            0x200001dd   Data           1  main.o(.data)
    SBMfatalerror                            0x200001de   Data           1  main.o(.data)
    BBRfatalerror                            0x200001df   Data           1  main.o(.data)
    SBRfatalerror                            0x200001e0   Data           1  main.o(.data)
    ERRORreset                               0x200001e1   Data           1  main.o(.data)
    u8Flag                                   0x200001e2   Data           1  main.o(.data)
    u8First                                  0x200001e3   Data           1  main.o(.data)
    u8Firstwaarde                            0x200001e4   Data           1  main.o(.data)
    u8Firstknoppen                           0x200001e5   Data           1  main.o(.data)
    SystemCoreClock                          0x20000228   Data           4  system_stm32f0xx.o(.data)
    uwTick                                   0x2000022c   Data           4  stm32f0xx_hal.o(.data)
    htim1                                    0x20000230   Data          64  tim.o(.bss)
    htim2                                    0x20000270   Data          64  tim.o(.bss)
    htim16                                   0x200002b0   Data          64  tim.o(.bss)
    htim17                                   0x200002f0   Data          64  tim.o(.bss)
    huart1                                   0x20000330   Data         112  usart.o(.bss)
    hirda3                                   0x200003a0   Data          60  usart.o(.bss)
    hi2c2                                    0x200003dc   Data          76  i2c.o(.bss)
    hcan                                     0x20000428   Data          64  can.o(.bss)
    hadc                                     0x20000468   Data          76  adc.o(.bss)
    CAN_TX_Msg                               0x200004b4   Data          28  main.o(.bss)
    CAN_RX_Msg                               0x200004d0   Data          36  main.o(.bss)
    u8Data                                   0x200004f4   Data          16  main.o(.bss)
    hrtc                                     0x20000504   Data          32  rtc.o(.bss)
    __initial_sp                             0x20000928   Data           0  startup_stm32f091xc.o(STACK)



==============================================================================

Memory Map of the image

  Image Entry point : 0x080000bd

  Load Region LR_IROM1 (Base: 0x08000000, Size: 0x000079d0, Max: 0x00040000, ABSOLUTE, COMPRESSED[0x000077b0])

    Execution Region ER_IROM1 (Exec base: 0x08000000, Load base: 0x08000000, Size: 0x000077a0, Max: 0x00040000, ABSOLUTE)

    Exec Addr    Load Addr    Size         Type   Attr      Idx    E Section Name        Object

    0x08000000   0x08000000   0x000000bc   Data   RO          828    RESET               startup_stm32f091xc.o
    0x080000bc   0x080000bc   0x00000000   Code   RO         4506  * .ARM.Collect$$$$00000000  mc_p.l(entry.o)
    0x080000bc   0x080000bc   0x00000004   Code   RO         4519    .ARM.Collect$$$$00000001  mc_p.l(entry2.o)
    0x080000c0   0x080000c0   0x00000004   Code   RO         4522    .ARM.Collect$$$$00000004  mc_p.l(entry5.o)
    0x080000c4   0x080000c4   0x00000000   Code   RO         4524    .ARM.Collect$$$$00000008  mc_p.l(entry7b.o)
    0x080000c4   0x080000c4   0x00000000   Code   RO         4526    .ARM.Collect$$$$0000000A  mc_p.l(entry8b.o)
    0x080000c4   0x080000c4   0x00000008   Code   RO         4527    .ARM.Collect$$$$0000000B  mc_p.l(entry9a.o)
    0x080000cc   0x080000cc   0x00000000   Code   RO         4529    .ARM.Collect$$$$0000000D  mc_p.l(entry10a.o)
    0x080000cc   0x080000cc   0x00000000   Code   RO         4531    .ARM.Collect$$$$0000000F  mc_p.l(entry11a.o)
    0x080000cc   0x080000cc   0x00000004   Code   RO         4520    .ARM.Collect$$$$00002712  mc_p.l(entry2.o)
    0x080000d0   0x080000d0   0x0000001c   Code   RO          829    .text               startup_stm32f091xc.o
    0x080000ec   0x080000ec   0x0000002c   Code   RO         4509    .text               mc_p.l(uidiv.o)
    0x08000118   0x08000118   0x0000001a   Code   RO         4515    .text               mc_p.l(strncpy.o)
    0x08000132   0x08000132   0x00000012   Code   RO         4517    .text               mc_p.l(uwrite4.o)
    0x08000144   0x08000144   0x00000024   Code   RO         4533    .text               mc_p.l(init.o)
    0x08000168   0x08000168   0x0000003a   Code   RO         4543    .text               mc_p.l(__dczerorl.o)
    0x080001a2   0x080001a2   0x0000006c   Code   RO         1148    i.ADC_ConversionStop  stm32f0xx_hal_adc.o
    0x0800020e   0x0800020e   0x000000aa   Code   RO         1152    i.ADC_Disable       stm32f0xx_hal_adc.o
    0x080002b8   0x080002b8   0x000000d4   Code   RO         1153    i.ADC_Enable        stm32f0xx_hal_adc.o
    0x0800038c   0x0800038c   0x00000184   Code   RO          454    i.Buttons           main.o
    0x08000510   0x08000510   0x000001b6   Code   RO         3319    i.CAN_Receive_IT    stm32f0xx_hal_can.o
    0x080006c6   0x080006c6   0x0000007e   Code   RO         3320    i.CAN_Transmit_IT   stm32f0xx_hal_can.o
    0x08000744   0x08000744   0x00000094   Code   RO          455    i.CANzenderBBM      main.o
    0x080007d8   0x080007d8   0x00000094   Code   RO          456    i.CANzenderBBR      main.o
    0x0800086c   0x0800086c   0x00000094   Code   RO          457    i.CANzenderSBM      main.o
    0x08000900   0x08000900   0x00000094   Code   RO          458    i.CANzenderSBR      main.o
    0x08000994   0x08000994   0x00000010   Code   RO          284    i.CEC_CAN_IRQHandler  stm32f0xx_it.o
    0x080009a4   0x080009a4   0x00000010   Code   RO          763    i.DIn7ResetCounter  main_hal.o
    0x080009b4   0x080009b4   0x00000074   Code   RO          766    i.EEPROM_Read       main_hal.o
    0x08000a28   0x08000a28   0x0000007c   Code   RO          767    i.EEPROM_Write      main_hal.o
    0x08000aa4   0x08000aa4   0x00000004   Code   RO          459    i.Error_Handler     main.o
    0x08000aa8   0x08000aa8   0x000000c2   Code   RO         2201    i.HAL_ADCEx_Calibration_Start  stm32f0xx_hal_adc_ex.o
    0x08000b6a   0x08000b6a   0x00000002   PAD
    0x08000b6c   0x08000b6c   0x000001ac   Code   RO         1155    i.HAL_ADC_ConfigChannel  stm32f0xx_hal_adc.o
    0x08000d18   0x08000d18   0x00000008   Code   RO         1162    i.HAL_ADC_GetValue  stm32f0xx_hal_adc.o
    0x08000d20   0x08000d20   0x000001c0   Code   RO         1164    i.HAL_ADC_Init      stm32f0xx_hal_adc.o
    0x08000ee0   0x08000ee0   0x0000004c   Code   RO          417    i.HAL_ADC_MspInit   adc.o
    0x08000f2c   0x08000f2c   0x000000e4   Code   RO         1168    i.HAL_ADC_PollForConversion  stm32f0xx_hal_adc.o
    0x08001010   0x08001010   0x00000078   Code   RO         1170    i.HAL_ADC_Start     stm32f0xx_hal_adc.o
    0x08001088   0x08001088   0x00000050   Code   RO         1173    i.HAL_ADC_Stop      stm32f0xx_hal_adc.o
    0x080010d8   0x080010d8   0x000001b0   Code   RO         3321    i.HAL_CAN_ConfigFilter  stm32f0xx_hal_can.o
    0x08001288   0x08001288   0x00000002   Code   RO         3323    i.HAL_CAN_ErrorCallback  stm32f0xx_hal_can.o
    0x0800128a   0x0800128a   0x00000002   PAD
    0x0800128c   0x0800128c   0x000001e0   Code   RO         3326    i.HAL_CAN_IRQHandler  stm32f0xx_hal_can.o
    0x0800146c   0x0800146c   0x000001c0   Code   RO         3327    i.HAL_CAN_Init      stm32f0xx_hal_can.o
    0x0800162c   0x0800162c   0x0000006c   Code   RO          359    i.HAL_CAN_MspInit   can.o
    0x08001698   0x08001698   0x000000ba   Code   RO         3331    i.HAL_CAN_Receive_IT  stm32f0xx_hal_can.o
    0x08001752   0x08001752   0x00000002   PAD
    0x08001754   0x08001754   0x000000b8   Code   RO          460    i.HAL_CAN_RxCpltCallback  main.o
    0x0800180c   0x0800180c   0x00000250   Code   RO         3334    i.HAL_CAN_Transmit  stm32f0xx_hal_can.o
    0x08001a5c   0x08001a5c   0x00000002   Code   RO         3336    i.HAL_CAN_TxCpltCallback  stm32f0xx_hal_can.o
    0x08001a5e   0x08001a5e   0x0000001a   Code   RO         1034    i.HAL_Delay         stm32f0xx_hal.o
    0x08001a78   0x08001a78   0x000001fc   Code   RO          970    i.HAL_GPIO_Init     stm32f0xx_hal_gpio.o
    0x08001c74   0x08001c74   0x00000012   Code   RO          972    i.HAL_GPIO_ReadPin  stm32f0xx_hal_gpio.o
    0x08001c86   0x08001c86   0x0000000c   Code   RO          974    i.HAL_GPIO_WritePin  stm32f0xx_hal_gpio.o
    0x08001c92   0x08001c92   0x00000002   PAD
    0x08001c94   0x08001c94   0x0000000c   Code   RO         1038    i.HAL_GetTick       stm32f0xx_hal.o
    0x08001ca0   0x08001ca0   0x0000006e   Code   RO         1418    i.HAL_I2CEx_ConfigAnalogFilter  stm32f0xx_hal_i2c_ex.o
    0x08001d0e   0x08001d0e   0x00000002   PAD
    0x08001d10   0x08001d10   0x000000d4   Code   RO         1479    i.HAL_I2C_Init      stm32f0xx_hal_i2c.o
    0x08001de4   0x08001de4   0x000001c4   Code   RO         1495    i.HAL_I2C_Mem_Read  stm32f0xx_hal_i2c.o
    0x08001fa8   0x08001fa8   0x000001c4   Code   RO         1498    i.HAL_I2C_Mem_Write  stm32f0xx_hal_i2c.o
    0x0800216c   0x0800216c   0x0000005c   Code   RO          247    i.HAL_I2C_MspInit   i2c.o
    0x080021c8   0x080021c8   0x00000078   Code   RO         2330    i.HAL_IRDA_Init     stm32f0xx_hal_irda.o
    0x08002240   0x08002240   0x0000005c   Code   RO          191    i.HAL_IRDA_MspInit  usart.o
    0x0800229c   0x0800229c   0x00000010   Code   RO         1039    i.HAL_IncTick       stm32f0xx_hal.o
    0x080022ac   0x080022ac   0x00000020   Code   RO         1040    i.HAL_Init          stm32f0xx_hal.o
    0x080022cc   0x080022cc   0x00000026   Code   RO         1041    i.HAL_InitTick      stm32f0xx_hal.o
    0x080022f2   0x080022f2   0x00000002   PAD
    0x080022f4   0x080022f4   0x00000044   Code   RO          338    i.HAL_MspInit       stm32f0xx_hal_msp.o
    0x08002338   0x08002338   0x00000018   Code   RO         1326    i.HAL_NVIC_EnableIRQ  stm32f0xx_hal_cortex.o
    0x08002350   0x08002350   0x00000012   Code   RO         1330    i.HAL_NVIC_SetPriority  stm32f0xx_hal_cortex.o
    0x08002362   0x08002362   0x00000002   PAD
    0x08002364   0x08002364   0x000001a4   Code   RO         3244    i.HAL_RCCEx_PeriphCLKConfig  stm32f0xx_hal_rcc_ex.o
    0x08002508   0x08002508   0x000001d0   Code   RO         2222    i.HAL_RCC_ClockConfig  stm32f0xx_hal_rcc.o
    0x080026d8   0x080026d8   0x0000000c   Code   RO         2227    i.HAL_RCC_GetHCLKFreq  stm32f0xx_hal_rcc.o
    0x080026e4   0x080026e4   0x00000024   Code   RO         2229    i.HAL_RCC_GetPCLK1Freq  stm32f0xx_hal_rcc.o
    0x08002708   0x08002708   0x000000f4   Code   RO         2230    i.HAL_RCC_GetSysClockFreq  stm32f0xx_hal_rcc.o
    0x080027fc   0x080027fc   0x00000600   Code   RO         2233    i.HAL_RCC_OscConfig  stm32f0xx_hal_rcc.o
    0x08002dfc   0x08002dfc   0x0000010a   Code   RO         3045    i.HAL_RTCEx_SetWakeUpTimer  stm32f0xx_hal_rtc_ex.o
    0x08002f06   0x08002f06   0x00000002   PAD
    0x08002f08   0x08002f08   0x000000bc   Code   RO         4280    i.HAL_RTC_Init      stm32f0xx_hal_rtc.o
    0x08002fc4   0x08002fc4   0x00000020   Code   RO          725    i.HAL_RTC_MspInit   rtc.o
    0x08002fe4   0x08002fe4   0x0000011c   Code   RO         4286    i.HAL_RTC_SetDate   stm32f0xx_hal_rtc.o
    0x08003100   0x08003100   0x00000144   Code   RO         4287    i.HAL_RTC_SetTime   stm32f0xx_hal_rtc.o
    0x08003244   0x08003244   0x0000003c   Code   RO         4288    i.HAL_RTC_WaitForSynchro  stm32f0xx_hal_rtc.o
    0x08003280   0x08003280   0x00000024   Code   RO         1332    i.HAL_SYSTICK_CLKSourceConfig  stm32f0xx_hal_cortex.o
    0x080032a4   0x080032a4   0x00000088   Code   RO          461    i.HAL_SYSTICK_Callback  main.o
    0x0800332c   0x0800332c   0x00000038   Code   RO         1334    i.HAL_SYSTICK_Config  stm32f0xx_hal_cortex.o
    0x08003364   0x08003364   0x00000008   Code   RO         1335    i.HAL_SYSTICK_IRQHandler  stm32f0xx_hal_cortex.o
    0x0800336c   0x0800336c   0x000000a6   Code   RO         1894    i.HAL_TIMEx_ConfigBreakDeadTime  stm32f0xx_hal_tim_ex.o
    0x08003412   0x08003412   0x00000062   Code   RO         1909    i.HAL_TIMEx_MasterConfigSynchronization  stm32f0xx_hal_tim_ex.o
    0x08003474   0x08003474   0x0000002e   Code   RO         1920    i.HAL_TIMEx_PWMN_Start  stm32f0xx_hal_tim_ex.o
    0x080034a2   0x080034a2   0x00000038   Code   RO         3473    i.HAL_TIM_Base_Init  stm32f0xx_hal_tim.o
    0x080034da   0x080034da   0x00000002   PAD
    0x080034dc   0x080034dc   0x000000f4   Code   RO            4    i.HAL_TIM_Base_MspInit  tim.o
    0x080035d0   0x080035d0   0x0000013e   Code   RO         3482    i.HAL_TIM_ConfigClockSource  stm32f0xx_hal_tim.o
    0x0800370e   0x0800370e   0x000000e2   Code   RO         3503    i.HAL_TIM_IC_ConfigChannel  stm32f0xx_hal_tim.o
    0x080037f0   0x080037f0   0x00000038   Code   RO         3506    i.HAL_TIM_IC_Init   stm32f0xx_hal_tim.o
    0x08003828   0x08003828   0x00000002   Code   RO         3508    i.HAL_TIM_IC_MspInit  stm32f0xx_hal_tim.o
    0x0800382a   0x0800382a   0x00000020   Code   RO         3509    i.HAL_TIM_IC_Start  stm32f0xx_hal_tim.o
    0x0800384a   0x0800384a   0x00000002   PAD
    0x0800384c   0x0800384c   0x00000034   Code   RO            5    i.HAL_TIM_MspPostInit  tim.o
    0x08003880   0x08003880   0x00000112   Code   RO         3539    i.HAL_TIM_PWM_ConfigChannel  stm32f0xx_hal_tim.o
    0x08003992   0x08003992   0x00000038   Code   RO         3542    i.HAL_TIM_PWM_Init  stm32f0xx_hal_tim.o
    0x080039ca   0x080039ca   0x00000002   Code   RO         3544    i.HAL_TIM_PWM_MspInit  stm32f0xx_hal_tim.o
    0x080039cc   0x080039cc   0x00000082   Code   RO         2621    i.HAL_UART_Init     stm32f0xx_hal_uart.o
    0x08003a4e   0x08003a4e   0x00000002   PAD
    0x08003a50   0x08003a50   0x0000005c   Code   RO          193    i.HAL_UART_MspInit  usart.o
    0x08003aac   0x08003aac   0x00000004   Code   RO          285    i.HardFault_Handler  stm32f0xx_it.o
    0x08003ab0   0x08003ab0   0x00000032   Code   RO         1521    i.I2C_Flush_TXDR    stm32f0xx_hal_i2c.o
    0x08003ae2   0x08003ae2   0x00000002   PAD
    0x08003ae4   0x08003ae4   0x00000094   Code   RO         1529    i.I2C_IsAcknowledgeFailed  stm32f0xx_hal_i2c.o
    0x08003b78   0x08003b78   0x00000092   Code   RO         1532    i.I2C_RequestMemoryRead  stm32f0xx_hal_i2c.o
    0x08003c0a   0x08003c0a   0x00000092   Code   RO         1533    i.I2C_RequestMemoryWrite  stm32f0xx_hal_i2c.o
    0x08003c9c   0x08003c9c   0x00000030   Code   RO         1536    i.I2C_TransferConfig  stm32f0xx_hal_i2c.o
    0x08003ccc   0x08003ccc   0x00000052   Code   RO         1537    i.I2C_WaitOnFlagUntilTimeout  stm32f0xx_hal_i2c.o
    0x08003d1e   0x08003d1e   0x0000005a   Code   RO         1539    i.I2C_WaitOnSTOPFlagUntilTimeout  stm32f0xx_hal_i2c.o
    0x08003d78   0x08003d78   0x00000060   Code   RO         1540    i.I2C_WaitOnTXISFlagUntilTimeout  stm32f0xx_hal_i2c.o
    0x08003dd8   0x08003dd8   0x00000098   Code   RO         2343    i.IRDA_CheckIdleState  stm32f0xx_hal_irda.o
    0x08003e70   0x08003e70   0x000001f0   Code   RO         2358    i.IRDA_SetConfig    stm32f0xx_hal_irda.o
    0x08004060   0x08004060   0x00000070   Code   RO         2360    i.IRDA_WaitOnFlagUntilTimeout  stm32f0xx_hal_irda.o
    0x080040d0   0x080040d0   0x0000010c   Code   RO          418    i.MX_ADC_Init       adc.o
    0x080041dc   0x080041dc   0x00000048   Code   RO          360    i.MX_CAN_Init       can.o
    0x08004224   0x08004224   0x00000178   Code   RO          396    i.MX_GPIO_Init      gpio.o
    0x0800439c   0x0800439c   0x0000004c   Code   RO          248    i.MX_I2C2_Init      i2c.o
    0x080043e8   0x080043e8   0x00000002   Code   RO          694    i.MX_IWDG_Init      iwdg.o
    0x080043ea   0x080043ea   0x00000002   PAD
    0x080043ec   0x080043ec   0x0000008c   Code   RO          726    i.MX_RTC_Init       rtc.o
    0x08004478   0x08004478   0x00000030   Code   RO            6    i.MX_TIM16_Init     tim.o
    0x080044a8   0x080044a8   0x000000a0   Code   RO            7    i.MX_TIM17_Init     tim.o
    0x08004548   0x08004548   0x00000068   Code   RO            8    i.MX_TIM1_Init      tim.o
    0x080045b0   0x080045b0   0x000000a0   Code   RO            9    i.MX_TIM2_Init      tim.o
    0x08004650   0x08004650   0x00000044   Code   RO          194    i.MX_USART1_UART_Init  usart.o
    0x08004694   0x08004694   0x0000003c   Code   RO          195    i.MX_USART3_IRDA_Init  usart.o
    0x080046d0   0x080046d0   0x00000118   Code   RO          768    i.MainInit          main_hal.o
    0x080047e8   0x080047e8   0x00000002   Code   RO          286    i.NMI_Handler       stm32f0xx_it.o
    0x080047ea   0x080047ea   0x00000002   PAD
    0x080047ec   0x080047ec   0x00000078   Code   RO         1336    i.NVIC_SetPriority  stm32f0xx_hal_cortex.o
    0x08004864   0x08004864   0x00000002   Code   RO          287    i.PendSV_Handler    stm32f0xx_it.o
    0x08004866   0x08004866   0x0000001a   Code   RO         4289    i.RTC_Bcd2ToByte    stm32f0xx_hal_rtc.o
    0x08004880   0x08004880   0x0000001a   Code   RO         4290    i.RTC_ByteToBcd2    stm32f0xx_hal_rtc.o
    0x0800489a   0x0800489a   0x00000042   Code   RO         4291    i.RTC_EnterInitMode  stm32f0xx_hal_rtc.o
    0x080048dc   0x080048dc   0x00000140   Code   RO          462    i.RampUP            main.o
    0x08004a1c   0x08004a1c   0x00000088   Code   RO          463    i.RampUpZero        main.o
    0x08004aa4   0x08004aa4   0x0000004c   Code   RO          769    i.ReadAnalogInput   main_hal.o
    0x08004af0   0x08004af0   0x00000002   Code   RO          288    i.SVC_Handler       stm32f0xx_it.o
    0x08004af2   0x08004af2   0x00000002   PAD
    0x08004af4   0x08004af4   0x00000284   Code   RO          464    i.ShowTemplate1     main.o
    0x08004d78   0x08004d78   0x00000288   Code   RO          465    i.ShowTemplate2     main.o
    0x08005000   0x08005000   0x00000002   Code   RO          467    i.ShowTemplate4     main.o
    0x08005002   0x08005002   0x00000002   Code   RO          468    i.ShowTemplate5     main.o
    0x08005004   0x08005004   0x00000002   Code   RO          469    i.ShowTemplate6     main.o
    0x08005006   0x08005006   0x0000000c   Code   RO          289    i.SysTick_Handler   stm32f0xx_it.o
    0x08005012   0x08005012   0x00000002   PAD
    0x08005014   0x08005014   0x00000090   Code   RO          471    i.SystemClock_Config  main.o
    0x080050a4   0x080050a4   0x00000078   Code   RO          836    i.SystemInit        system_stm32f0xx.o
    0x0800511c   0x0800511c   0x000000b0   Code   RO         3557    i.TIM_Base_SetConfig  stm32f0xx_hal_tim.o
    0x080051cc   0x080051cc   0x0000001c   Code   RO         3558    i.TIM_CCxChannelCmd  stm32f0xx_hal_tim.o
    0x080051e8   0x080051e8   0x0000001c   Code   RO         1929    i.TIM_CCxNChannelCmd  stm32f0xx_hal_tim_ex.o
    0x08005204   0x08005204   0x0000001e   Code   RO         3564    i.TIM_ETR_SetConfig  stm32f0xx_hal_tim.o
    0x08005222   0x08005222   0x0000001a   Code   RO         3565    i.TIM_ITRx_SetConfig  stm32f0xx_hal_tim.o
    0x0800523c   0x0800523c   0x000000b4   Code   RO         3566    i.TIM_OC1_SetConfig  stm32f0xx_hal_tim.o
    0x080052f0   0x080052f0   0x000000c8   Code   RO         3567    i.TIM_OC2_SetConfig  stm32f0xx_hal_tim.o
    0x080053b8   0x080053b8   0x000000c4   Code   RO         3568    i.TIM_OC3_SetConfig  stm32f0xx_hal_tim.o
    0x0800547c   0x0800547c   0x00000088   Code   RO         3569    i.TIM_OC4_SetConfig  stm32f0xx_hal_tim.o
    0x08005504   0x08005504   0x00000036   Code   RO         3571    i.TIM_TI1_ConfigInputStage  stm32f0xx_hal_tim.o
    0x0800553a   0x0800553a   0x00000002   PAD
    0x0800553c   0x0800553c   0x00000078   Code   RO         3572    i.TIM_TI1_SetConfig  stm32f0xx_hal_tim.o
    0x080055b4   0x080055b4   0x00000036   Code   RO         3573    i.TIM_TI2_ConfigInputStage  stm32f0xx_hal_tim.o
    0x080055ea   0x080055ea   0x0000004c   Code   RO         3574    i.TIM_TI2_SetConfig  stm32f0xx_hal_tim.o
    0x08005636   0x08005636   0x0000004a   Code   RO         3575    i.TIM_TI3_SetConfig  stm32f0xx_hal_tim.o
    0x08005680   0x08005680   0x00000052   Code   RO         3576    i.TIM_TI4_SetConfig  stm32f0xx_hal_tim.o
    0x080056d2   0x080056d2   0x00000002   PAD
    0x080056d4   0x080056d4   0x000003ac   Code   RO          472    i.TackButton        main.o
    0x08005a80   0x08005a80   0x000000f0   Code   RO         2634    i.UART_AdvFeatureConfig  stm32f0xx_hal_uart.o
    0x08005b70   0x08005b70   0x00000098   Code   RO         2635    i.UART_CheckIdleState  stm32f0xx_hal_uart.o
    0x08005c08   0x08005c08   0x000002a8   Code   RO         2650    i.UART_SetConfig    stm32f0xx_hal_uart.o
    0x08005eb0   0x08005eb0   0x00000070   Code   RO         2652    i.UART_WaitOnFlagUntilTimeout  stm32f0xx_hal_uart.o
    0x08005f20   0x08005f20   0x0000001c   Code   RO          647    i.__ARM_common_switch8  main.o
    0x08005f3c   0x08005f3c   0x0000000e   Code   RO         4537    i.__scatterload_copy  mc_p.l(handlers.o)
    0x08005f4a   0x08005f4a   0x00000002   Code   RO         4538    i.__scatterload_null  mc_p.l(handlers.o)
    0x08005f4c   0x08005f4c   0x0000000e   Code   RO         4539    i.__scatterload_zeroinit  mc_p.l(handlers.o)
    0x08005f5a   0x08005f5a   0x00000002   PAD
    0x08005f5c   0x08005f5c   0x00000130   Code   RO          473    i.changetackpositie  main.o
    0x0800608c   0x0800608c   0x000006f4   Code   RO          474    i.fatalerror        main.o
    0x08006780   0x08006780   0x000005b0   Code   RO          475    i.main              main.o
    0x08006d30   0x08006d30   0x000000c0   Code   RO          476    i.mainReadButtons   main.o
    0x08006df0   0x08006df0   0x000002d8   Code   RO          477    i.parameteractuatorread  main.o
    0x080070c8   0x080070c8   0x0000010c   Code   RO          478    i.savetackpositie   main.o
    0x080071d4   0x080071d4   0x00000068   Code   RO          479    i.sendControlBBM    main.o
    0x0800723c   0x0800723c   0x00000068   Code   RO          480    i.sendControlBBR    main.o
    0x080072a4   0x080072a4   0x00000068   Code   RO          481    i.sendControlSBM    main.o
    0x0800730c   0x0800730c   0x00000068   Code   RO          482    i.sendControlSBR    main.o
    0x08007374   0x08007374   0x000003f4   Code   RO          483    i.startTemplate     main.o
    0x08007768   0x08007768   0x00000018   Data   RO          837    .constdata          system_stm32f0xx.o
    0x08007780   0x08007780   0x00000020   Data   RO         4535    Region$$Table       anon$$obj.o


    Execution Region RW_IRAM1 (Exec base: 0x20000000, Load base: 0x080077a0, Size: 0x00000928, Max: 0x00008000, ABSOLUTE, COMPRESSED[0x00000010])

    Exec Addr    Load Addr    Size         Type   Attr      Idx    E Section Name        Object

    0x20000000   COMPRESSED   0x00000228   Data   RW          485    .data               main.o
    0x20000228   COMPRESSED   0x00000004   Data   RW          838    .data               system_stm32f0xx.o
    0x2000022c   COMPRESSED   0x00000004   Data   RW         1046    .data               stm32f0xx_hal.o
    0x20000230        -       0x00000100   Zero   RW           10    .bss                tim.o
    0x20000330        -       0x000000ac   Zero   RW          196    .bss                usart.o
    0x200003dc        -       0x0000004c   Zero   RW          249    .bss                i2c.o
    0x20000428        -       0x00000040   Zero   RW          361    .bss                can.o
    0x20000468        -       0x0000004c   Zero   RW          419    .bss                adc.o
    0x200004b4        -       0x00000050   Zero   RW          484    .bss                main.o
    0x20000504        -       0x00000020   Zero   RW          727    .bss                rtc.o
    0x20000524   COMPRESSED   0x00000004   PAD
    0x20000528        -       0x00000400   Zero   RW          826    STACK               startup_stm32f091xc.o


==============================================================================

Image component sizes


      Code (inc. data)   RO Data    RW Data    ZI Data      Debug   Object Name

       344         18          0          0         76       1975   adc.o
       180         20          0          0         64       1811   can.o
       376         20          0          0          0       1155   gpio.o
       168         24          0          0         76       1805   i2c.o
         2          0          0          0          0        459   iwdg.o
     10326       1468          0        552         80      27966   main.o
       612         74          0          0          0       3917   main_hal.o
       172         18          0          0         32       1743   rtc.o
        28          8        188          0       1024        664   startup_stm32f091xc.o
       124         14          0          4          0       4051   stm32f0xx_hal.o
      1802         44          0          0          0       8153   stm32f0xx_hal_adc.o
       194          0          0          0          0       1402   stm32f0xx_hal_adc_ex.o
      2706         26          0          0          0       7656   stm32f0xx_hal_can.o
       262         30          0          0          0      10520   stm32f0xx_hal_cortex.o
       538         28          0          0          0       3107   stm32f0xx_hal_gpio.o
      1922         26          0          0          0      12066   stm32f0xx_hal_i2c.o
       110          0          0          0          0       1235   stm32f0xx_hal_i2c_ex.o
       880         58          0          0          0       3844   stm32f0xx_hal_irda.o
        68          6          0          0          0        942   stm32f0xx_hal_msp.o
      2292        102          0          0          0       5485   stm32f0xx_hal_rcc.o
       420         12          0          0          0       1668   stm32f0xx_hal_rcc_ex.o
       974         16          0          0          0       6002   stm32f0xx_hal_rtc.o
       266          0          0          0          0       1483   stm32f0xx_hal_rtc_ex.o
      2454        108          0          0          0      18259   stm32f0xx_hal_tim.o
       338          0          0          0          0       3559   stm32f0xx_hal_tim_ex.o
      1314         70          0          0          0       4789   stm32f0xx_hal_uart.o
        38          6          0          0          0       2920   stm32f0xx_it.o
       120         18         24          4          0       1327   system_stm32f0xx.o
       768         60          0          0        256     575391   tim.o
       312         40          0          0        172       3090   usart.o

    ----------------------------------------------------------------------
     30146       2314        244        560       1784     718444   Object Totals
         0          0         32          0          0          0   (incl. Generated)
        36          0          0          0          4          0   (incl. Padding)

    ----------------------------------------------------------------------

      Code (inc. data)   RO Data    RW Data    ZI Data      Debug   Library Member Name

        58          0          0          0          0          0   __dczerorl.o
         0          0          0          0          0          0   entry.o
         0          0          0          0          0          0   entry10a.o
         0          0          0          0          0          0   entry11a.o
         8          4          0          0          0          0   entry2.o
         4          0          0          0          0          0   entry5.o
         0          0          0          0          0          0   entry7b.o
         0          0          0          0          0          0   entry8b.o
         8          4          0          0          0          0   entry9a.o
        30          0          0          0          0          0   handlers.o
        36          8          0          0          0         68   init.o
        26          0          0          0          0         68   strncpy.o
        44          0          0          0          0         72   uidiv.o
        18          0          0          0          0         60   uwrite4.o

    ----------------------------------------------------------------------
       234         16          0          0          0        268   Library Totals
         2          0          0          0          0          0   (incl. Padding)

    ----------------------------------------------------------------------

      Code (inc. data)   RO Data    RW Data    ZI Data      Debug   Library Name

       232         16          0          0          0        268   mc_p.l

    ----------------------------------------------------------------------
       234         16          0          0          0        268   Library Totals

    ----------------------------------------------------------------------

==============================================================================


      Code (inc. data)   RO Data    RW Data    ZI Data      Debug   

     30380       2330        244        560       1784     712160   Grand Totals
     30380       2330        244         16       1784     712160   ELF Image Totals (compressed)
     30380       2330        244         16          0          0   ROM Totals

==============================================================================

    Total RO  Size (Code + RO Data)                30624 (  29.91kB)
    Total RW  Size (RW Data + ZI Data)              2344 (   2.29kB)
    Total ROM Size (Code + RO Data + RW Data)      30640 (  29.92kB)

==============================================================================

